[    0.000000] Initializing cgroup subsys cpuset
[    0.000000] Initializing cgroup subsys cpu
[    0.000000] Initializing cgroup subsys cpuacct
[    0.000000] Linux version 4.4.0-112-generic (buildd@lgw01-amd64-010) (gcc version 5.4.0 20160609 (Ubuntu 5.4.0-6ubuntu1~16.04.5) ) #135-Ubuntu SMP Fri Jan 19 11:48:36 UTC 2018 (Ubuntu 4.4.0-112.135-generic 4.4.98)
[    0.000000] Command line: BOOT_IMAGE=/boot/vmlinuz-4.4.0-112-generic root=LABEL=cloudimg-rootfs ro console=tty1 console=ttyS0
[    0.000000] KERNEL supported cpus:
[    0.000000]   Intel GenuineIntel
[    0.000000]   AMD AuthenticAMD
[    0.000000]   Centaur CentaurHauls
[    0.000000] x86/fpu: xstate_offset[2]:  576, xstate_sizes[2]:  256
[    0.000000] x86/fpu: Supporting XSAVE feature 0x01: 'x87 floating point registers'
[    0.000000] x86/fpu: Supporting XSAVE feature 0x02: 'SSE registers'
[    0.0000] x86fpu: Supporting XSAVE feature 0x04: 'AVX registers'
[    0.000000] x86/fpu: Enabled xstate features 0x7, context size is 832 bytes, using 'standard' format.
[    0.000000] x86/fpu: Using 'lazy' FPU context switches.
[    0.000000] e820: BIOS-provided physical RAM map:
[    0.000000] BIOS-e820: [mem 0x0000000000000000-0x000000000009fbff] usable
[    0.000000] BIOS-e820: [mem 0x000000000009fc00-0x000000000009ffff] reserved
[    0.000000] BIOS-e820: [mem 0x00000000000f0000-0x00000000000fffff] reserved
[    0.000000] BIOS-e820: [mem 0x0000000000100000-0x000000007ffeffff] usable
[    0.000000] BIOS-e820: [mem 0x000000007fff0000-0x000000007fffffff] ACPI data
[    0.000000] BIOS-e820: [mem 0x00000000fec00000-0x00000000fec00fff] reserved
[    0.000000] BIOS-e820: [mem 0x00000000fee00000-0x00000000fee00fff] reserved
[    0.000000] BIOS-e820: [mem 0x00000000fffc0000-0x00000000ffffffff] reserved
[    0.000000] NX (Execute Disable) protection: active
[    0.000000] SMBIOS 2.5 present.
[    0.000000] Hypervisor detected: KVM
[    0.000000] e820: last_pfn = 0x7fff0 max_arch_pfn = 0x400000000
[    0.000000] MTRR: Disabled
[    0.000000] x86/PAT: MTRRs disabled, skipping PAT initialization too.
[    0.000000] CPU MTRRs al blank - virtualized system.
[    0.000000] x86/PAT: Configuration [0-7]: WB  WT  UC- UC  WB  WT  UC- UC  
[    0.000000] found SMP MP-table at [mem 0x0009fff0-0x0009ffff] mapped at [ffff88000009fff0]
[    0.000000] Scanning 1 areas for low memory corruption
[    0.000000] RAMDISK: [mem 0x36acc000-0x3755dfff]
[    0.000000] ACPI: Early table checksum verification disabled
[    0.000000] ACPI: RSDP 0x00000000000E0000 000024 (v02 VBOX  )
[    0.000000] ACPI: XSDT 0x000000007FFF0030 00003C (v01 VBOX   VBOXXSDT 00000001 ASL  00000061)
[    0.000000] ACPI: FACP 0x000000007FFF00F0 0000F4 (v04 VBOX   VBOXFACP 00000001 ASL  00000061)
[    0.000000] ACPI: DSDT 0x000000007FFF0470 0021FF (v02 VBOX   VBOXBIOS 00000002 INTL 20160108)
[    0.000000] ACPI: FACS 0x000000007FFF0200 000040
[    0.000000] ACPI: FACS 0x000000007FFF0200 000040
[    0.000000] ACPI: APIC 0x000000007FFF0240 00005C (v02 VBOX   VBOXAPIC 00000001 ASL  00000061)
[    0.000000] ACPI: SSDT 0x000000007FFF02A0 0001CC (v01 VBOX   VBOXCPUT 00000002 INTL 20160108)
[    0.000000] No NUMA configuration found
[    0.000000] Faking a node at [mem 0x0000000000000000-0x000000007ffeffff]
[    0.000000] NODE_DATA(0) allocated [mem 0x7ffeb000-0x7ffeffff]
[    0.000000] kvm-clock: Using msrs 4b564d01 and 4b564d00
[    0.000000] kvm-clock: cpu 0, msr 0:7ffe3001, primary cpu clock
[    0.000000] kvm-clock: using schedoffsetof 9542332703 cycles
[    0.000000] clocksource: kvm-clock: mask: 0xffffffffffffffff max_cycles: 0x1cd42e4dffb, max_idle_ns: 881590591483 ns
[    0.000000] Zone ranges:
[    0.000000]   DMA      [mem 0x0000000000001000-0x0000000000ffffff]
[    0.000000]   DMA32    [mem 0x0000000001000000-0x000000007ffeffff]
[    0.000000]   Normal   empty
[    0.000000]   Device   empty
[    0.000000] Movable zone start for each node
[    0.000000] Early memory node ranges
[    0.000000]   node   0: [mem 0x0000000000001000-0x000000000009efff]
[    0.000000]   no  0: [mem x0000000000100000-0x000000007ffeffff]
[    0.000000] Initmem setup node 0 [mem 0x0000000000001000-0x000000007ffeffff]
[    0.000000] ACPI: PM-Timer IO Port: 0x4008
[    0.000000] IOAPIC[0]: apic_id 2, version 32, address 0xfec00000, GSI 0-23
[    0.000000] ACPI: INT_SRC_OVR (bus 0 bus_irq 0 global_irq 2 dfl dfl)
[    0.000000] ACPI: INT_SRC_OVR (bus 0 bus_irq 9 global_irq 9 low level)
[    0.000000] Using ACPI (MADT) for SMP configuration information
[    0.000000] smpboot: Allowing 2 CPUs, 0 hotplug CPUs
[    0.000000] PM: Registered nosave memory: [mem 0x00000000-0x00000fff]
[    0.000000] PM: Registered nosave memory: [mem 0x0009f000-0x0009ffff]
[    0.000000] PM: Registered nosave memory: [mem 0x000a0000-0x000effff]
[    0.000000] PM: Registered nosave memory: [mem 0x000f0000-0x000fffff]
[    0.000000] e820: [mem 0x80000000-0xfebfffff] available for PCI devices
[    0.000000] Booting paravirtualized kernel on KVM
[    0.000000] clocksource: refined-jiffies: mask: 0xffffffff max_cycles: 0xffffffff, max_idle_ns: 7645519600211568 ns
[    0.000000] setup_percpu: NR_CPUS:512 nr_cpumask_bits:512 nr_cpu_ids:2 nr_node_ids:1
[    0.000000] PERCPU: Embedded 34 pages/cpu @ffff88007fc00000 s99544 r8192 d31528 u1048576
[    0.000000] PV qspinlock hh table entries: 256 (order: 0, 4096 bytes)
[    0.000000] Built 1 zonelists in Node order, mobility grouping on.  Total pages: 515961
[    0.000000] Policy zone: DMA32
[    0.000000] Kernel command line: BOOT_IMAGE=/boot/vmlinuz-4.4.0-112-generic root=LABEL=cloudimg-rootfs ro console=tty1 console=ttyS0
[    0.000000] PID hash table entries: 4096 (order: 3, 32768 bytes)
[    0.000000] Memory: 2033900K/2096696K available (8499K kernel code, 1309K rwdata, 3988K rodata, 1508K init, 1316K bss, 62796K reserved, 0K cma-reserved)
[    0.000000] SLUB: HWalign=64, Order=0-3, MinObjects=0, CPUs=2, Nodes=1
[    0.000000] Kernel/User page tables isolation: enabled
[    0.000000] Hierarchical RCU implementation.
[    0.000000] 	Build-time adjustment of leaf fanout to 64.
[    0.000000] 	RCU restricting CPUs from NR_CPUS=512 to nr_cpu_ids=2.
[    0.000000] RCU: Adjusting geometry for rcu_fanout_leaf=64, nr_cpu_ids=2
[    0.000000] NR_IRQS:33024 nr_irqs:440 16
[    0.000000] Console: colour VGA+ 80x25
[    0.000000] console [tty1] enabled
[    0.000000] console [ttyS0] enabled
[    0.000000] tsc: Detected 2904.000 MHz processor
[    0.265285] Calibrating delay loop (skipped) preset value.. 5808.00 BogoMIPS (lpj=11616000)
[    0.266494] pid_max: default: 32768 minimum: 301
[    0.267165] ACPI: Core revision 20150930
[    0.268522] ACPI: 2 ACPI AML tables successfully acquired and loaded
[    0.269557] Security Framework initialized
[    0.2701163] Yama: becoming mindful.
[    0.271765] AppArmor: AppArmor initialized
[    0.272847] Dentry cache hash table entries: 262144 (order: 9, 2097152 bytes)
[    0.278928] Inode-cache hash table entries: 131072 (order: 8, 1048576 bytes)
[    0.282000] Mount-cache hash table entries: 4096 (order: 3, 32768 bytes)
[    0.289605] Mountpoint-cache hash table entries: 4096 (order: 3, 32768 bytes)
[    0.290692] Initializing cgroup subsys io
[    0.296599] Initializing cgroup subsys memory
[    0.297256] Initializing cgroup subsys devices
[    0.297901] Initializing cgroup subsys freezer
[    0.298544] Initializing cgroup subsys net_cls
[    0.299189] Initializing cgroup subsys perf_event
[    0.299837] Initializing cgroup subsys net_prio
[    0.300469] Initializing cgroup subsys hugetlb
[    0.301181] Initializing cgroup subsys pids
[    0.301846] CPU: Physical Processor ID: 0
[    0.302428] CPU: Processor Core ID: 0
[    0.303005] FEATURE SPEC_CTRL Not Present
[    0.304623] mce: CPU supports 0 MCE banks
[    0.305275] Last level iTLB entries: 4KB 64, 2MB 8, 4MB 8
[    0.306022] Last level dTLB entries: 4KB 64, 2MB 0, 4MB 0, 1GB 4
[    0.308425] Freeing SMP alternatives memory: 32K
[    0.315735] ftrace: allocating 32180 entries in 126 pages
[    0.350103] smpboot: APIC(0) Converting physical 0 to logical package 0
[    0.361052] smpboot: Max logical packages: 1
[    0.361877] x2apic enabled
[    0.362514] Switched APIC routing to physical x2apic.
[    0.364159] ..TIMER: vector=0x30 apic1=0 pin1=2 apic2=-1 pin2=-1
[    0.472718] smpboot: CPU0: Intel(R) Core(TM) i7-7500U CPU @ 2.70GHz (family: 0x6, model: 0x8e, stepping: 0x9)
[    0.479296] Performance Events: unsupported p6 CPU model 142 no PMU driver, software events only.
[    0.480618] KVM setup paravirtual spinlock
[    0.482237] x86: Booting SMP configuration:
[    0.489433] .... node  #0, CPUs:      #1
[    0.490136] kvm-clock: cpu 1, msr 0:7ffe3041, secondary cpu clock
[    0.491668] mce: CPU supports 0 MCE banks
[    0.493988] x86: Booted up 1 node, 2 CPUs
[    0.500093] smpboot: Total of 2 processors activated (11616.00 BogoMIPS)
[    0.501294] devtmpfs: initialized
[    0.503360] evm: security.selinux
[    0.504982] evm: security.SMACK64
[    0.505504] evm: security.SMACK64EXEC
[    0.506055] evm: security.SMACK64TRANSMUTE
[    0.506650] evm: security.SMACK64MMAP
[    0.512466] evm: security.ima
[    0.512905] evm: security.capability
[    0.513674] clocksource: jiffies: mask: 0xffffffff max_cycles: 0xffffffff, max_idle_ns: 7645041785100000 ns
[    0.520086] futex hash table entries: 512 (order: 3, 32768 bytes)
[    0.520913] pinctrl core: initialized pinctrl subsystem
[    0.521624] RTC time: 22:18:23, date: 08/28/18
[    0.522286] NET: Registered protocol family 16
[    0.533078] cpuidle: using governor ladder
[    0.596436] cpuidle: using governor menu
[    0.602253] PCCT header not found.
[    0.602818] ACPI: bus type PCI registered
[    0.604840] acpiphp: ACPI Hot Plug PCI Controller Driver version: 0.5
[    0.605655] PCI: Using configuration type 1 for base access
[    0.618383] ACPI: Added _OSI(Module Device)
[    0.623830] ACPI: Added _OSI(Processor Device)
[    0.625362] ACPI: Added _OSI(3.0 _SCP Extensions)
[    0.626926] ACPI: Added _OSI(Processor Aggregator Device)
[    0.629829] ACPI: Executed 1 blocks of module-level executable AML code
[    0.638356] ACPI: Interpreter enabled
[    0.648377] ACPI: (supports S0 S5)
[    0.649384] ACPI: Using IOAPIC for interrupt routing
[    0.650622] PCI: Using host bridge windows from ACPI; if necessary, use "pci=nocrs" and report a bug
[    0.656230] ACPI: PCI Root Bridge [PCI0] (domain 0000 [bus 00-ff])
[    0.658371] acpi PNP0A03:00: _OSC: OS supports [ASPM ClockPM Segments MSI]
[    0.659519] acpi PNP0A03:00: _OSC: not requesting OS control; OS requires [ExtendedConfig ASPM ClockPM MSI]
[    0.661029] acpi PNP0A03:00: fail to add MMCONFIG information, can't access extended PCI configuration space under this bridge.
[    0.663112] PCI host bridge to bus 0000:00
[    0.664809] pci_bus 0000:00: root bus resource [io  0x0000-0x0cf7 window]
[    0.666727] pci_bus 0000:00: root bus resource [io  0x0d00-0xffff window]
[    0.667609] pci_bus 0000:00: root bus resource [mem 0x000a0000-0x000bffff window]
[    0.668714] pci_bus 0000:00: root bus resource [mem 0x80000000-0xfdffffff window]
[    0.669812] pci_bus 0000:00: root bus resource [bus 00-ff]
[    0.671493] pci 0000:00:01.1: legacy IDE quirk: reg 0x10: [io  0x01f0-0x01f7]
[    0.672408] pci 0000:00:01.1: legacy IDE quirk: reg 0x14: [io  0x03f6]
[    0.673352] pci 0000:00:01.1: legacy IDE quirk: reg 0x18: [io  0x0170-0x0177]
[    0.674259] pci 0000:00:01.1: legacy IDE quirk: reg 0x1c: [io  0x0376]
[    0.704670] pci 0000:00:07.0: quirk: [io  0x4000-0x403f] claimed by PIIX4 ACPI
[    0.718563] pci 0000:00:07.0: quirk: [io  0x4100-0x410f] claimed by PIIX4 SMB
[    0.746228] ACPI: PCI Interrupt Link [LNKA] (IRQs 5 9 10 *11)
[    0.753073] ACPI: PCI Interrupt Link [LNKB] (IRQs 5 9 *10 11)
[    0.754181] ACPI: PCI Interrupt Link [LNKC] (IRQs 5 *9 10 11)
[    0.755282] ACPI: PCI Interrupt Link [LNKD] (IRQs 5 9 10 *11)
[    0.756417] ACPI: Enabled 2 GPEs in block 00 to 07
[    0.782329] vgaarb: setting as boot device: PCI:0000:00:02.0
[    0.826355] vgaarb: device added: PCI:0000:00:02.0,decodes=io+mem,owns=io+mem,locks=none
[    0.829576] vgaarb: loaded
[    0.830041] vgaarb: bridge control possible 0000:00:02.0
[    0.831085] SCSI subsystem initialized
[    0.837126] ACPI: bus type USB registered
[    0.837740] usbcore: registered new interface driver usbfs
[    0.838492] usbcore: registered new interface driver hub
[    0.839246] usbcore: registered new device driver usb
[    0.840189] PCI: Using ACPI for IRQ routing
[    0.841105] NetLabel: Initializing
[    0.846968] NetLabel:  domain hash size = 128
[    0.847594] NetLabel:  protocols = UNLABELED CIPSOv4
[    0.848296] NetLabel:  unlabeled traffic allowed by default
[    0.849206] amd_nb: Cannot enumerate AMD northbridges
[    0.849974] clocksource: Switched to clocksource kvm-clock
[    0.856696] AppArmor: AppArmor Filesystem Enabled
[    0.866080] pnp: PnP ACPI init
[    0.867515] pnp: PnP ACPI: found 3 devices
[  08726clksrc ai_: sk0xff m_cycle 0fff,axdlns 25702 n
[  159619]NE: gier ptol mi 2
[    2.312659] TCP established hash table entris:63 (rder 51372yt)
[    .625 T bd shab eris:63 (de 62644yts)[  3.377237] TC: shabs nfur (taisd 38bi 184
[  4839]DPastae tres: 02(oer3,2768byes
[  4206]DPitha tlentes:02(oer3,27 bes
[    5.448741] NET: Registered protocol family 1
[    5.450699] pci 0000:00:00.0: Limiting direct PCI/PCI transfers
[    5.451512] pci 0000:00:01.0: Activating ISA DMA hang workarounds
[    5.452414] Unpacking initramfs...
[    7.049588] Freeing initrd memory: 10824K
[    7.098421] platform rtc_cmos: registered platform RTC device (no PNP device found)
[    7.099733] Scanning for low memory corruption every 60 seconds
[    7.101155] audit: initializing netlink subsys (disabled)
[    7.174534] audit: type=2000 audit(1535494720.329:1): initialized
[    7.263905] Initialise system trusted keyring
[    7.282760] HugeTLB registered 2 MB page size, pre-allocated 0 pages
[    7.285062] zbud: loaded
[    7.285792] VFS: Disk quotas dquot_6.6.0
[    7.343484]FS: Dquot-cache hash table entries: 512 (order 0, 4096 bytes)
[    7.520019] squashfs: version 4.0 (2009/01/31) Phillip Lougher
[    7.521369] fuse init (API version 7.23)
[    7.522266] Key type big_key registered
[    7.523065] Allocating IMA MOK and blacklist keyrings.
[    7.525230] Key type asymmetric registered
[    7.526046] Asymmetric key parser 'x509' registered
[    7.526988] Block layer SCSI generic (bsg) driver version 0.4 loaded (major 249)
[    7.533835] io scheduler noop registered
[    7.598261] io scheduler deadline registered (default)
[    7.68692iochul c riser
  8.44] i_hotplug: PCI Hot Plug PCI Core version: 0.5
[   2972 tsc: Refined TSC ocouce calibration: 293.6 z
[    8.800656] clckur: c:as 0ffffffffmacyes 0x29dba382208, max_ie_s: 44095617 ns
[    8.800763] pciehp: PCI Express Hot Plug CotrleDrereron0.

ÿ[   8000]CP AAdte[A (-line)

[    8.800908] input: Power Button as /devices/LNXSYSTM:00/LNXPWRBN:00/input/input0
[    8.800911] ACPI: Power Button [PWRF]
[    8.800960] input: Sleep Button as /devices/LNXSYSTM:00/LNXSLPBN:00/input/input1
[    8.800961] ACPI: Sleep Button [SLPF]
[    8.801483] ACPI: Battery Slot [BAT0] (battery present)
[    8.801502] GHES: HEST is not enabled!
[    9.568467] Serial: 8250/16550 driver, 32 ports, IRQ sharing enabled
[   10.033677] 00:02: ttyS0 at I/O 0x3f8 (irq = 4, base_baud = 115200) is a 16550A
[   10.427542] Linux agpgart interface v0.103
[   10.519510] loop: module loaded
[   10.519915] scsi host0: ata_piix
[   10.519955] scsi host1: ata_piix
[   10.519978] ata1: PATA max UDMA/33 cmd 0x1f0 ctl 0x3f6 bmdma 0xd000 irq 14
[   10.519979] ata2: PATA max UDMA/33 cmd 0x170 ctl 0x376 bmdma 0xd008 irq 15
[   10.520032] libphy: Fixed MDIO Bus: probed
[   10.520034] tun: Universal TUN/TAP device driver, 1.6
[   10.520034] tun: (C) 1999-2004 Max Krasnyansky <maxk@qualcomm.com>
[   10.520244] PPP generic driver version 2.4.2
[   10.520294] ehci_hcd: USB 2.0 'Enhanced' Host Controller (EHCI) Driver
[   10.520297] ehci-pci: EHCI PCI platform driver
[   10.520308] ehci-platform: EHCI generic platform driver
[   10.520313] ohci_hcd: USB 1.1 'Open' Host Controller (OHCI) Driver
[   10.520315] ohci-pci: OHCI PCI platform driver
[   10.520322] ohci-platform: OHCI generic platform driver
[   10.520327] uhci_hcd: USB Universal Host Controller Interface driver
[   10.520365] i8042: PNP: PS/2 Controller [PNP0303:PS2K,PNP0f03:PS2M] at 0x60,0x64 irq 1,12
[   10.587904] serio: i8042 KBD port at 0x60,0x64 irq 1
[   10.587910] serio: i8042 AUX port at 0x60,0x64 irq 12
[   10.588019] mousedev: PS/2 mouse device common for all mice
[   10.588247] rtc_cmos rtc_cmos: rtc core: registered rtc_cmos as rtc0
[   10.588289] rtc_cmos rtc_cmos: alarms up to one day, 114 bytes nvram
[   10.588293] i2c /dev entries driver
[   10.588338] device-mapper: uevent: version 1.0.3
[   10.588377] device-mapper: ioctl: 4.34.0-ioctl (2015-10-28) initialised: dm-devel@redhat.com
[   10.588394] ledtrig-cpu: registered to indicate activity on CPUs
[   10.588773] NET: Registered protocol family 10
[   10.588885] NET: Registered protocol family 17
[   10.588895] Key type dns_resolver registered
[   10.709949] microcode: CPU0 sig=0x806e9, pf=0x2, revision=0x0
[   10.710119] microcode: CPU1 sig=0x806e9, pf=0x2, revision=0x0
[   10.710190] microcode: Microcode Update Driver: v2.01 <tigran@aivazian.fsnet.co.uk>, Peter Oruba
[   10.710293] registered taskstats version 1
[   10.710302] Loading compiled-in X.509 certificates
[   10.710782] Loaded X.509 cert 'Build time autogenerated kernel key: 4c603087bab8f0a02cb3b4e1fb4c40f507e71ef1'
[   10.710797] zswap: loaded using pool lzo/zbud
[   10.712219] Key type trusted registered
[   10.714669] Key type encrypted registered
[   10.714674] AppArmor: AppArmor sha1 policy hashing enabled
[   10.714677] ima: No TPM chip found, activating TPM-bypass!
[   10.714692] evm: HMAC attrs: 0x1
[   10.714923]   Magic number: 14:722:351
[   10.715048] rtc_cmos rtc_cmos: setting system clock to 2018-08-28 22:18:33 UTC (1535494713)
[   10.715114] BIOS EDD facility v0.16 2004-Jun-25, 0 devices found
[   10.715114] EDD information not available.
[   10.717460] input: AT Translated Set 2 keyboard as /devices/platform/i8042/serio0/input/input2
[   10.829750] Freeing unused kernel memory: 1508K
[   10.885368] Write protecting the kernel read-only data: 14336k
[   10.886433] Freeing unused kernel memory: 1728K
[   10.887198] Freeing unused kernel memory: 108K
Loading, please wait...
starting version[   10.899742] random: systemd-udevd: uninitialized urandom read (16 bytes read, 3 bits of entropy available)
 229
[   10.900255] random: udevadm: uninitialized urandom read (16 bytes read, 3 bits of entropy available)
[   10.900277] random: udevadm: uninitialized urandom read (16 bytes read, 3 bits of entropy available)
[   10.909674] random: udevadm: uninitialized urandom read (16 bytes read, 3 bits of entropy available)
[   10.909714] random: udevadm: uninitialized urandom read (16 bytes read, 3 bits of entropy available)
[   10.909855] random: udevadm: uninitialized urandom read (16 bytes read, 3 bits of entropy available)
[   10.909917] random: udevadm: uninitialized urandom read (16 bytes read, 3 bits of entropy available)
[   10.909971] random: udevadm: uninitialized urandom read (16 bytes read, 3 bits of entropy available)
[   10.910052] random: udevadm: uninitialized urandom read (16 bytes read, 3 bits of entropy available)
[   10.910112] random: udevadm: uninitialized urandom read (16 bytes read, 3 bits of entropy available)
[   11.011621] e1000: Intel(R) PRO/1000 Network Driver - version 7.3.21-k8-NAPI
[   11.048483] e1000: Copyright (c) 1999-2006 Intel Corporation.
[   11.051176] Fusion MPT base driver 3.04.20
[   11.066546] Copyright (c) 1999-2008 LSI Corporation
[   11.087290] Fusion MPT SPI Host driver 3.04.20
[   11.104452] AVX2 version of gcm_enc/dec engaged.
[   11.110524] AES CTR mode by8 optimization enabled
[   11.314145] input: ImExPS/2 Generic Explorer Mouse as /devices/platform/i8042/serio1/input/input4
[   11.477891] e1000 0000:00:03.0 eth0: (PCI:33MHz:32-bit) 02:66:2d:c5:e5:fb
[   11.973325] e1000 0000:00:03.0 eth0: Intel(R) PRO/1000 Network Connection
[   12.389433] e1000 0000:00:08.0 eth1: (PCI:33MHz:32-bit) 08:00:27:63:3e:25
[   12.479517] e1000 0000:00:08.0 eth1: Intel(R) PRO/1000 Network Connection
[   12.480875] mptbase: ioc0: Initiating bringup
[   12.481397] e1000 0000:00:08.0 enp0s8: renamed from eth1
[   12.492243] e1000 0000:00:03.0 enp0s3: renamed from eth0
[   12.574592] ioc0: LSI53C1030 A0: Capabilities={Initiator}
[   12.803574] scsi host2: ioc0: LSI53C1030 A0, FwRev=00000000h, Ports=1, MaxQ=256, IRQ=20
[   12.971364] scsi 2:0:0:0: Direct-Access     VBOX     HARDDISK         1.0  PQ: 0 ANSI: 5
[   13.118677] scsi target2:0:0: Beginning Domain Validation
[   13.179213] scsi target2:0:0: Domain Validation skipping write tests
[   13.184748] scsi target2:0:0: Ending Domain Validation
[   13.185414] scsi target2:0:0: asynchronous
[   13.193767] scsi 2:0:1:0: Direct-Access     VBOX     HARDDISK         1.0  PQ: 0 ANSI: 5
[   13.198796] scsi target2:0:1: Beginning Domain Validation
[   13.200173] scsi target2:0:1: Domain Validation skipping write tests
[   13.200975] scsi target2:0:1: Ending Domain Validation
[   13.201631] scsi target2:0:1: asynchronous
[   13.205455] sd 2:0:0:0: Attached scsi generic sg0 type 0
[   13.208409] sd 2:0:0:0: [sda] 20971520 512-byte logical blocks: (10.7 GB/10.0 GiB)
[   13.209491] sd 2:0:0:0: [sda] Write Protect is off
[   13.218554] sd 2:0:1:0: [sdb] 20480 512-byte logical blocks: (10.5 MB/10.0 MiB)
[   13.218577] sd 2:0:1:0: Attached scsi generic sg1 type 0
[   13.244173] sd 2:0:0:0: [sda] Incomplete mode parameter data
[   13.244175] sd 2:0:0:0: [sda] Assuming drive cache: write through
[   13.247293]  sda: sda1
[   13.247735] sd 2:0:0:0: [sda] Attached SCSI disk
[   13.279487] sd 2:0:1:0: [sdb] Write Protect is off
[   13.280222] sd 2:0:1:0: [sdb] Incomplete mode parameter data
[   13.280984] sd 2:0:1:0: [sdb] Assuming drive cache: write through
[   13.308319] sd 2:0:1:0: [sdb] Attached SCSI disk
[   14.026707] floppy0: no floppy controllers found
Begin: Loading e[   15.375970] md: linear personality registered for level -1
ssential drivers ... [   15.408656] md: multipath personality registered for level -4
[   15.494965] md: raid0 personality registered for level 0
[   15.511590] md: raid1 personality registered for level 1
[   15.622227] raid6: sse2x1   gen() 11981 MB/s
[   15.707868] raid6: sse2x1   xor()  9259 MB/s
[   15.777907] raid6: sse2x2   gen() 13201 MB/s
[   15.907872] raid6: sse2x2   xor() 10684 MB/s
[   16.057912] raid6: sse2x4   gen() 17767 MB/s
[   16.174161] raid6: sse2x4   xor() 10830 MB/s
[   16.297952] raid6: avx2x1   gen() 24742 MB/s
[   16.377883] raid6: avx2x2   gen() 28153 MB/s
[   16.477955] raid6: avx2x4   gen() 30859 MB/s
[   16.539405] raid6: using algorithm avx2x4 gen() 30859 MB/s
[   16.540067] raid6: using avx2x2 recovery algorithm
[   16.541806] xor: automatically using best checksumming function:
[   16.589988]    avx       : 21340.000 MB/sec
[   16.597007] async_tx: api initialized (async)
[   16.643459] md: raid6 personality registered for level 6
[   16.688504] md: raid5 personality registered for level 5
[   16.689242] md: raid4 personality registered for level 4
[   16.694796] md: raid10 personality registered for level 10
done.
Begin: Running /scripts/init-premount ... done.
Begin: Mountin[   16.826067] Btrfs loaded
g root file system ... Begin: Running /scripts/local-top ... done.
Begin: Running /scripts/local-premount ... Scanning for Btrfs filesystems
done.
Warning: fsck not present, so skipping root file system
[   17.094602] EXT4-fs (sda1): mounted filesystem with ordered data mode. Opts: (null)
done.
Begin: Running /scripts/local-bottom ... done.
Begin: Running /scripts/init-bottom ... done.
[   17.988191] systemd[1]: systemd 229 running in system mode. (+PAM +AUDIT +SELINUX +IMA +APPARMOR +SMACK +SYSVINIT +UTMP +LIBCRYPTSETUP +GCRYPT +GNUTLS +ACL +XZ -LZ4 +SECCOMP +BLKID +ELFUTILS +KMOD -IDN)
[   18.122017] systemd[1]: Detected virtualization oracle.
[   18.182399] systemd[1]: Detected architecture x86-64.

Welcome to [1mUbuntu 16.04.3 LTS[0m!

[   18.350229] random: nonblocking pool is initialized
[   18.365646] systemd[1]: Set hostname to <ubuntu>.
[   18.390176] systemd[1]: Initializing machine ID from random generator.
[   18.434682] systemd[1]: Installed transient /etc/machine-id file.
[  1.977328] systemd[1]Lieng  Jrn Ske(/dev/log).
[[0;32m  OK  [0m] Listening on Journal Socket (/dev/log).
[   19.398124] systemd[1]: Listening on LVM2 metadata daemon socket.
[[0;32m  OK  [0m] Listening on LVM2 metadata daemon socket.
[   9.44] std[: stin on udev Control Socket.
[[0;32m  OK  [0m] Listening on udev Control Socket.
[ 19147] systemd[1]: Set up automount Arbitrary Executable File Formats File System Automount Point.
[[0;32m  OK  [0m] Set up automount Arbitrary Executab...ats File System Automount Point.
[   20.050247] systemd[1]: Listening on LVM2 poll daemon socket.
[[0;32m  OK  [0m] Listening on LVM2 poll daemon socket.
[   0.3913] systemd[1]: Listening on Journal Socket.
[[0;32m  OK  [0m] Listening on Journal Socket.
[   20.625199] systemd[1]: Listening on udev Kernel Socket.
[[0;32m  OK  [0m] Listening on udev Kernel Socket.
[   20.641613] systemd[1]: Started Trigger eslvonf update for networkd DNS.
[[0;32m  OK  [0m] Started Trigger resolvconf update for networkd DNS.
[   20.717230] systemd[1]: Reached target User and Group Name Lookups.
[[0;32m  OK  [0m] Reached target User and Group Name Lookups.
[  2.7894] systemd[1]: Listening on Syslog Socket.
[[0;32m  OK  [0m] Listening on Syslog Socket.
[   20.801349] systemd[1]: Listening on /dev/initctl Compatibility Named Pipe.
[[0;32m  OK  [0m] Listening on /dev/initctl Compatibility Named Pipe.
[   20.803201] systemd[1]: Reached target Encrypted Volumes.
[[0;32m  OK  [0m] Reached target Encrypted Volumes.
[   20.832213] systemd[1]: Listening on Device-mapper event daemon FIFOs.
[[0;32m  OK  [0m] Listening on Device-mapper event daemon FIFOs.
[   20.844469] systemd[1]: Started Forward Password Requests to Wall Directory Watch.
[[0;32m  OK  [0m] Started Forward Password Requests to Wall Directory Watch.
[   20.850412] systemd[1]: Listnig on Journal Audit Socket.
[[0;32m  OK  [0m] Listening on Journal Audit Socket.
[   20.897726] systemd[1]: Created slice User and Session Slice.
[[0;32m  OK  [0m] Created slice User and Session Slice.
[   20.899637] systemd[1]: Created slice System Slice.
[[0;32m  OK  [0m] Created slice System Slice.

[   20.910411] systemd[1]: Mounting Debug File System...
         Mounting Debug File System...
[   20.924621] systemd[1]: Starting Remount Root and Kernel File Systems...
         Starting Remount Root and Kernel File Systems...
[   20.939552] systemd[1]: Starting Create list of required static device nodes for the current kernel...
         Starting Create list of required st... nodes for the current kernel...
[   20.983323] systemd[1]: Starting Journal Service...
         Starting Journal Service...
[   21.086537] systemd[1]: Mounting POSIX Message Queue File System...
         Mounting POSIX Message Queue File System...
[   21.579950] systemd[1]: Starting Uncomplicated firewall...
         Starting Uncompl[   21.705050] EXT4-fs (sda1): re-mounted. Opts: (null)
icated firewall...
[   21.762086] systemd[1]: Reached target Slices.
[[0;32m  OK  [0m] Reached target Slices.
[   21.765234] systemd[1]: Starting Nameserver information manager...
         Starting Nameserver information manager...
[   21.814082] systemd[1]: Starting Monitoring of LVM2 mirrors, snapshots etc. using dmeventd or progress polling...
         Starting Monitoring of LVM2 mirrors... dmeventd or progress polling...
[   21.881992] systemd[1]: Mounting Huge Pages File System...
         Mounting Huge Pages File System...
[   21.895068] systemd[1]: Reached target Swap.
[[0;32m  OK  [0m] Reached target Swap.
[   21.896740] systemd[1]: Created slice system-serial\x2dgetty.slice.
[[0;32m  OK  [0m] Created slice system-serial\x2dgetty.slice.
[   21.983358] systemd[1]: Starting Load Kernel Modules...
         Starting Load Kernel Modules...
[   21.999587] systemd[1]: Starting Set console keymap...
         Starting Set console keymap...
[   220362] Loading iSCSI transport class v2.0-870.

[   22.112104] systemd[1]: Mounted POSIX Message Queue File System.
[[0;32m  OK  [0m] Mounted POSI[   22.122850] iscsi: registered transport (tcp)
X Message Queue File System.
[   22.223435] systemd[1]: Mounted Debug File System.
[[0;32m  OK  [0m] Mounted Debug File System.
[   22.226982] systemd[1]: Mounted Huge Pages File System.
[[0;32m  OK  [0m] Mounted Huge Pages File System.
[   22.228450] systemd[1]: Started Journal Service.
[[0;32m  OK  [0m] Started Journal Service.
[[0;32m  OK  [0m] Started Remount Root and Kernel File Systems.
[[0;32m  OK  [0m] Started Create list of required sta...ce nodes for the current kernel.
[[0;32m  OK  [0m] Started Uncomplicated firewall.
[   22.246091] iscsi: registered transport (iser)
[[0;32m  OK  [0m] Started Set console keymap.
[[0;32m  OK  [0m] Started Load Kernel Modules.
[[0;32m  OK  [0m] Started Nameserver information manager.
[[0;32m  OK  [0m] Started LVM2 metadata daemon.
         Starting Apply Kernel Variables...
         Mounting FUSE Control File System...
         Starting Create Static Device Nodes in /dev...
         Starting udev Coldplug all Devices...
         Starting Initial cloud-init job (pre-networking)...
         Starting Load/Save Random Seed...
         Starting Flush Journal to Persistent Storage...
[[0;32m  OK  [0m] Mounted FUSE Control File System.
[[0;32m  OK  [0m] Started Apply Kernel Variables.
[[0;32m  OK  [0m] Started Flush Journal to Persistent Storage.
[[0;32m  OK  [0m] Started Load/Save Random Seed.
[[0;32m  OK  [0m] Started udev Coldplug all Devices.
[[0;32m  OK  [0m] Started Create Static Device Nodes in /dev.
         Starting udev Kernel Device Manager...
[[0;32m  OK  [0m] Started udev Kernel Device Manager.
[[0;32m  OK  [0m] Started Dispatch Password Requests to Console Directory Watch.
[[0;32m  OK  [0m] Started Monitoring of LVM2 mirrors,...ng dmeventd or progress polling.
[[0;32m  OK  [0m] Reached target Local File Systems (Pre).
[[0;32m  OK  [0m] Reached target Local File Systems.
         Starting Create Volatile Files and Directories...
         Starting Commit a transient machine-id on disk...
         Starting LSB: AppArmor initialization...
         Starting Tell Plymouth To Write Out Runtime Data...
         Starting Set console font and keymap...
[[0;32m  OK  [0m] Started Commit a transient machine-id on disk.
[[0;32m  OK  [0m] Started Create Volatile Files and Directories.
[[0;32m  OK  [0m] Started Tell Plymouth To Write Out Runtime Data.
[[0;32m  OK  [0m] Reached target System Time Synchronized.
         Starting Update UTMP about System Boot/Shutdown...
[[0;32m  OK  [0m] Started Update UTMP about System Boot/Shutdown.
[[0;32m  OK  [0m] Found device /dev/ttyS0.
[[0;32m  OK  [0m] Listening on Load/Save RF Kill Switch Status /dev/rfkill Watch.
[[0;32m  OK  [0m] Started Set console font and keymap.
[[0;32m  OK  [0m] Created slice system-getty.slice.
[[0;32m  OK  [0m] Started LSB: AppArmor initialization.
[   25.614224] cloud-init[450]: Cloud-init v. 17.1 running 'init-local' at Tue, 28 Aug 2018 22:18:48 +0000. Up 25.06 seconds.
[[0;32m  OK  [0m] Started Initial cloud-init job (pre-networking).
[[0;32m  OK  [0m] Reached target Network (Pre).
         Starting Raise network interfaces...
[[0;32m  OK  [0m] Started Raise network interfaces.
         Starting Initial cloud-init job (metadata service crawler)...
[[0;32m  OK  [0m] Reached target Network.
[   28.174261] cloud-init[956]: Cloud-init v. 17.1 running 'init' at Tue, 28 Aug 2018 22:18:49 +0000. Up 26.33 seconds.
[   28.188593] cloud-init[956]: ci-info: ++++++++++++++++++++++++++++++++++++++Net device info++++++++++++++++++++++++++++++++++++++
[   28.197230] cloud-init[956]: ci-info: +--------+-------+----------------------------+---------------+-------+-------------------+
[   28.204081] cloud-init[956]: ci-info: | Device |   Up  |          Address           |      Mask     | Scope |     Hw-Address    |
[   28.207511] cloud-init[956]: ci-info: +--------+-------+----------------------------+---------------+-------+-------------------+
[   28.219311] cloud-init[956]: ci-info: | enp0s3 |  True |         10.0.2.15          | 255.255.255.0 |   .   | 02:66:2d:c5:e5:fb |
[   28.223291] cloud-init[956]: ci-info: | enp0s3 |  True | fe80::66:2dff:fec5:e5fb/64 |       .       |  link | 02:66:2d:c5:e5:fb |
[   28.241072] cloud-init[956]: ci-info: | enp0s8 | False |             .              |       .       |   .   | 08:00:27:63:3e:25 |
[   28.243989] cloud-init[956]: ci-info: |   lo   |  True |         127.0.0.1          |   255.0.0.0   |   .   |         .         |
[   28.244224] cloud-init[956]: ci-info: |   lo   |  True |          ::1/128           |       .       |  host |         .         |
[   28.244610] cloud-init[956]: ci-info: +--------+-------+----------------------------+---------------+-------+-------------------+
[   28.244948] cloud-init[956]: ci-info: +++++++++++++++++++++++++++Route IPv4 info++++++++++++++++++++++++++++
[   28.245375] cloud-init[956]: ci-info: +-------+-------------+----------+---------------+-----------+-------+
[   28.245970] cloud-init[956]: ci-info: | Route | Destination | Gateway  |    Genmask    | Interface | Flags |
[   28.246339] cloud-init[956]: ci-info: +-------+-------------+----------+---------------+-----------+-------+
[   28.246689] cloud-init[956]: ci-info: |   0   |   0.0.0.0   | 10.0.2.2 |    0.0.0.0    |   enp0s3  |   UG  |
[   28.247039] cloud-init[956]: ci-info: |   1   |   10.0.2.0  | 0.0.0.0  | 255.255.255.0 |   enp0s3  |   U   |
[   28.247398] cloud-init[956]: ci-info: +-------+-------------+----------+---------------+-----------+-------+
[   28.247741] cloud-init[956]: Generating ppblic/private rsa key pair.
[   28.248127] cloud-init[956]: Your identification has been saved in /etc/ssh/ssh_host_rsa_key.
[   28.248287] cloud-init[956]: Your public key has been saved in /etc/ssh/ssh_host_rsa_key.pub.
[[0;32m  OK  [0m] Started Initial cloud-init job (metadata service crawler).
[   28.248702] cloud-init[956]: The key fingerprint is:
[   28.428733] cloud-init[956]: SHA256:TxKSB17gqt2QF/4Ib+fFPTIf5q2fjdlRVvcZ5bsUb6c root@ubuntu-xenial
[   28.429426] cloud-init[956]: The key's randomart image is:
[   28.429668] cloud-init[956]: +---[RSA 2048]----+
[   28.429931] cloud-init[956]: |      o..       .|
[   28.430197] cloud-init[956]: |     o +       ..|
[   28.430464] cloud-init[956]: |      * o      o+|
[   28.430769] cloud-init[956]: |     + + .      X|
[   28.431012] cloud-init[956]: |    = o S .    +B|
[   28.431267] cloud-init[956]: |   o * o = .  .++|
[   28.431530] cloud-init[956]: |  . . = o * = Eo |
[   28.431801] cloud-init[956]: |     . o . * + *.|
[   28.432113] cloud-init[956]: |        .   +o* o|
[[0;32m  OK  [0m] Reached target Cloud-config availability.
[[   28.432356] cloud-init[956]: +----[SHA256]-----+
[   28.456302] cloud-init[956]: Generating public/private dsa key pair.
[   28.456558] cloud-init[956]: Your identification has been saved in /etc/ssh/ssh_host_dsa_key.
[   28.456755] cloud-init[956]: Your public key has been saved in /etc/ssh/ssh_host_dsa_key.pub.
[   28.456978] cloud-init[956]: The key fingerprint is:
[   28.457186] cloud-init[956]: SHA256:7arAcrHXmiiLtEW6hIlCp1aHcg/0BkHL5Yy/2WHUho8 root@ubuntu-xenial
[   28.457377] cloud-init[956]: The key's randomart image is:
[   28.457577] cloud-init[956]: +---[DSA 1024]----+
[   28.457778] cloud-init[956]: |  .o .           |
[   28.457977] cloud-init[956]: |  . B   o        |
[   28.458180] cloud-init[956]: |   * o o o       |
[   28.458696] cloud-init[956]: |  . = . +.       |
[   28.458883] cloud-init[956]: | o B.= ES..      |
[   28.459080] cloud-init[956]: |+.O.=o=...       |
[   28.459285] cloud-init[956]: |=*..=+... .      |
[   28.459483] cloud-init[956]: |=.=o + o .       |
[0;32m  OK  [0m] Reached target System Initialization.
[   28.459686] cloud-init[956]: |.o.o. +..        |
[[0;32m  OK  [0m] Listening on D-Bus System Message Bus Socket.
[   28.520612] cloud-init[956]: +----[SHA256]-----+
[   28.576422] cloud-init[956]: Generating public/private ecdsa key pair.
[   28.577167] cloud-init[956]: Your identification has been saved in /etc/ssh/ssh_host_ecdsa_key.
[   28.591631] cloud-init[956]: Your public key has been saved in /etc/ssh/ssh_host_ecdsa_key.pub.
[   28.643140] cloud-init[956]: The key fingerprint is:
[   28.643312] cloud-init[956]: SHA256:q45EfoV11V0N1zl0mi1RPnJ8Gn95loG+gXMlvWMvA9s root@ubuntu-xenial
[   28.643492] cloud-init[956]: The key's randomart image is:
[   28.643674] cloud-init[956]: +---[ECDSA 256]---+
[   28.643861] cloud-init[956]: |            ..+=X|
         Starting LXD - unix socket.
[   28.643970] cloud-init[956]: |           .  =X=|
[   28.647199] cloud-init[956]: |        . .  +=B=|
[   28.647649] cloud-init[956]: |       o .  o ==B|
[   28.647920] cloud-init[956]: |    . . S  o.+.*=|
[   28.648288] cloud-init[956]: |   o   . .  o++.=|
[   28.648464] cloud-init[956]: |    o . .   ..E .|
[[0;32m  OK  [0m] Started Timer to automatically refresh installed snaps.
[   28.648653] cloud-init[956]: |   . o .       o |
[   28.659310] cloud-init[956]: |    ..o          |
[   28.668319] cloud-init[956]: +----[SHA256]-----+
[   28.668528] cloud-init[956]: Generating public/private ed25519 key pair.
[[0;32m  OK  [0m] Started ACPI Events Check.
[   28.668622] cloud-init[956]: Your identification has been saved in /etc/ssh/ssh_host_ed25519_key.
[   28.673539] cloud-init[956]: Your public key has been saved in /etc/ssh/ssh_host_ed25519_key.pub.
[   28.673721] cloud-init[956]: The key fingerprint is:
[[0;32m  OK  [0m] Reached target Paths.
[   28.673820] cloud-init[956]: SHA256:U2muWNxGpbojXlr8ngrrN/rqaIN4fKOa9WqxHO9hg6w root@ubuntu-xenial
[   28.676981] cloud-init[956]: The key's randomart image is:
[[0;32m  OK  [0m] Started Daily apt download activities.
[   28.677066] cloud-init[956]: +--[ED25519 256]--+
[   28.681117] cloud-init[956]: |            .    |
[[0;32m  OK  [0m] Started Daily Cleanup of Temporary Directories.
[   28.681170] cloud-init[956]: |           +     |
[   28.686081] cloud-init[956]: |          *      |
[   28.686240] cloud-init[956]: |       . B       |
[   28.686429] cloud-init[956]: |        S +      |
[   28.686612] cloud-init[956]: | .o.   + =       |
[   28.686799] cloud-init[956]: | ++*+ + B        |
[   28.686989] cloud-init[956]: |.+Bo*= Boo .     |
[[0;32m  OK  [0m] Started Daily apt upgrade and clean activities.
         Starting Socket activation for snappy daemon.
[   28.687463] cloud-init[956]: |E+o*+=O=o++      |
[   28.797591] cloud-init[956]: +----[SHA256]-----+
[[0;32m  OK  [0m] Listening on ACPID Listen Socket.
[[0;32m  OK  [0m] Listening on UUID daemon activation socket.
[[0;32m  OK  [0m] Reached target Timers.
[[0;32m  OK  [0m] Reached target Network is Online.
         Starting iSCSI initiator daemon (iscsid)...
[[0;32m  OK  [0m] Listening on LXD - unix socket.
[[0;32m  OK  [0m] Listening on Socket activation for snappy daemon.
[[0;32m  OK  [0m] Reached target Sockets.
[[0;32m  OK  [0m] Reached target Basic System.
         Starting LXD - container startup/shutdown...
         Starting Apply the settings specified in cloud-config...
         Starting Login Service...
         Starting LSB: MD monitoring daemon...
[[0;32m  OK  [0m] Started D-Bus System Message Bus.
         Starting /etc/rc.local Compatibility...
[[0;32m  OK  [0m] Started ACPI event daemon.
[[0;32m  OK  [0m] Started Deferred execution scheduler.
[[0;32m  OK  [0m] Started Unattended Upgrades Shutdown.
         Starting Snappy daemon...
         Starting Accounts Service...
[[0;32m  OK  [0m] Started Regular background program processing daemon.
[[0;32m  OK  [0m] Started FUSE filesystem for LXC.
         Starting LSB: Record successful boot for GRUB...
[   29.515835] cloud-init[1052]: Generating locales (this might take a while)...
         Starting Pollinate to seed the pseudo random number generator...
         Starting System Logging Service...
[[0;32m  OK  [0m] Started /etc/rc.local Compatibility.
[[0;32m  OK  [0m] Started Login Service.
[[0;32m  OK  [0m] Started LXD - container startup/shutdown.
[[0;32m  OK  [0m] Started System Logging Service.
[[0;32m  OK  [0m] Started LSB: MD monitoring daemon.
[[0;32m  OK  [0m] Started iSCSI initiator daemon (iscsid).
         Starting Login to default iSCSI targets...
[[0;32m  OK  [0m] Started Login to default iSCSI targets.
[[0;32m  OK  [0m] Reached target Remote File Systems (Pre).
[[0;32m  OK  [0m] Reached target Remote File Systems.
         Starting LSB: daemon to balance interrupts for SMP systems...
         Starting Permit User Sessions...
         Starting LSB: VirtualBox Linux Additions...
         Starting LSB: Set the CPU Frequency Scaling governor to "ondemand"...
         Starting LSB: automatic crash report generation...
[[0;32m  OK  [0m] Started LSB: Set the CPU Frequency Scaling governor to "ondemand".
[[0;32m  OK  [0m] Started Permit User Sessions.
[[0;32m  OK  [0m] Started LSB: automatic crash report generation.
         Starting Hold until boot process finishes up...
         Starting Terminate Plymouth Boot Screen...
[[0;32m  OK  [0m] Started Hold until boot process finishes up.
[[0;32m  OK  [0m] Started Terminate Plymouth Boot Screen.
         Starting Set console scheme...
[[0;32m  OK  [0m] Started Serial Getty on ttyS0.
[[0;32m  OK  [0m] Started Getty on tty1.
[[0;32m  OK  [0m] Reached target Login Prompts.
[[0;32m  OK  [0m] Started LSB: daemon to balance interrupts for SMP systems.
[[0;32m  OK  [0m] Started Set console scheme.
         Starting Authenticate and Authorize Users to Run Privileged Tasks...
[[0;32m  OK  [0m] Started Authenticate and Authorize Users to Run Privileged Tasks.
[[0;32m  OK  [0m] Started Accounts Service.
[[0;32m  OK  [0m] Started LSB: Record successful boot for GRUB.
[[0;32m  OK  [0m] Started LSB: VirtualBox Linux Additions.
[   31.713346] cloud-init[1052]:   en_US.UTF-8... done
[   31.716486] cloud-init[1052]: Generation complete.
[[0;32m  OK  [0m] Started Snappy daemon.
[   33.279314] cloud-init[1052]: Cloud-init v. 17.1 running 'modules:config' at Tue, 28 Aug 2018 22:18:52 +0000. Up 29.25 seconds.
[[0;32m  OK  [0m] Started Apply the settings specified in cloud-config.

Ubuntu 16.04.3 LTS ubuntu-xenial ttyS0

ubuntu-xenial login: ci-info: no authorized ssh keys fingerprints found for user ubuntu.
<14>Aug 28 22:19:02 ec2: 
<14>Aug 28 22:19:02 ec2: #############################################################
<14>Aug 28 22:19:02 ec2: -----BEGIN SSH HOST KEY FINGERPRINTS-----
<14>Aug 28 22:19:02 ec2: 1024 SHA256:7arAcrHXmiiLtEW6hIlCp1aHcg/0BkHL5Yy/2WHUho8 root@ubuntu-xenial (DSA)
<14>Aug 28 22:19:02 ec2: 256 SHA256:q45EfoV11V0N1zl0mi1RPnJ8Gn95loG+gXMlvWMvA9s root@ubuntu-xenial (ECDSA)
<14>Aug 28 22:19:02 ec2: 256 SHA256:U2muWNxGpbojXlr8ngrrN/rqaIN4fKOa9WqxHO9hg6w root@ubuntu-xenial (ED25519)
<14>Aug 28 22:19:02 ec2: 2048 SHA256:TxKSB17gqt2QF/4Ib+fFPTIf5q2fjdlRVvcZ5bsUb6c root@ubuntu-xenial (RSA)
<14>Aug 28 22:19:02 ec2: -----END SSH HOST KEY FINGERPRINTS-----
<14>Aug 28 22:19:02 ec2: #############################################################
-----BEGIN SSH HOST KEY KEYS-----
ecdsa-sha2-nistp256 AAAAE2VjZHNhLXNoYTItbmlzdHAyNTYAAAAIbmlzdHAyNTYAAABBBPvV85j4Pe2MzElcww1PjkAioANddimvJ/i5N8IahpKYLk/GR7Gk6xEu1QTz7EIrXuNGRE23ClXvAZ9a5MQgMxg= root@ubuntu-xenial
ssh-ed25519 AAAAC3NzaC1lZDI1NTE5AAAAIPbmqjWkCbWbqdNcfin6VIfKX9yjjIouwbd7InzRDEVW root@ubuntu-xenial
ssh-rsa AAAAB3NzaC1yc2EAAAADAQABAAABAQDFrpb9y+nHdFZ9UsxRpfWnPwA47nliRUGuRgmAcs+hhDQaJze5M9PQhMw9UQoJYW7lE3qwaJx4+f2+sC7MlqDlwNApQHPyTIN6Z3yn/CTxISHAZJ5EjO9lvMAauWcUYH5GhvJse63ZyqaZHjEmjYp//mH6sW3vRPSQCS3THSq3I5QbkngApVoIybwN8KgD7fMQRDzZC9Mgq7EWJZUyHRmGBOpbcPaY7vYhz1qShzo2eRFvFLsvuwK/OZmqsa5OmEYuRZYEpLlE5rKCty8dvjVldjf15COIBbCVY/vGXAnVCbuIs3Yp69eoPmunDDe+pGTSGBXJ5REwRUZkqujTdfVl root@ubuntu-xenial
-----END SSH HOST KEY KEYS-----
[   39.006689] cloud-init[1311]: Cloud-init v. 17.1 running 'modules:final' at Tue, 28 Aug 2018 22:19:02 +0000. Up 38.72 seconds.
[   39.006881] cloud-init[1311]: ci-info: no authorized ssh keys fingerprints found for user ubuntu.
[   39.007011] cloud-init[1311]: Cloud-init v. 17.1 finished at Tue, 28 Aug 2018 22:19:02 +0000. Datasource DataSourceNoCloud [seed=/dev/sdb][dsmode=net].  Up 38.99 seconds
