[    0.000000] Initializing cgroup subsys cpuset
[    0.000000] Initializing cgroup subsys cpu
[    0.000000] Initializing cgroup subsys cpuacct
[    0.000000] Linux version 4.4.0-112-generic (buildd@lgw01-amd64-010) (gcc version 5.4.0 20160609 (Ubuntu 5.4.0-6ubuntu1~16.04.5) ) #135-Ubuntu SMP Fri Jan 19 11:48:36 UTC 2018 (Ubuntu 4.4.0-112.135-generic 4.4.98)
[    0.000000] Command line: BOOT_IMAGE=/boot/vmlinuz-4.4.0-112-generic root=LABEL=cloudimg-rootfs ro console=tty1 console=ttyS0
[    0.000000] KERNEL supported cpus:
[    0.000000]   Intel GenuineIntel
[    0.000000]   AMD AuthenticAMD
[    0.000000]   Centaur CentaurHauls
[    0.000000] x86/fpu: xstate_offset[2]:  576, xstate_sizes[2]:  256
[    0.000000] x86/fpu: Supporting XSAVE feature 0x01: 'x87 floating point registers'
[    0.000000] x86/fpu: Supporting XSAVE feature 0x02: 'SSE registers'
[    0.000000] x86/fpu: Spoing XSAVE feature 0x04: 'AVX registers'
[    0.000000] x86/fpu: Enabled xstate features x7cotext size is 832 bytes, using 'standard' format.
[    0.000000] x86/fpu: Using 'lazy' FPU context switches.
[    0.000000] e820: BIOS-ovedphyscaRA mp:
  0.00000]BI-e0: [me 00000000000000x00000000fbf] uabe[   0.0000BIS-e820: [mem 0x000000000009fc00-0x000000000009ffff] reserved
[    0.000000] BIOS-e820: [mem 0x00000000000f0000-0x00000000000fffff] reserved
[    0.000000] BIOS-e820: [mem 0x0000000000000-0x000000feffff] usable
[    0.000000] BIOS-e820: [mem 0x000000007fff0000-0x000000007fffffff] ACPI data
[    0.000000] BIOS-e820: [mem 0x00000000fec00000-0x00000000fec00fff] reserved
[    0.000000] BIOS-e820: [mem 0x00000000fee00000-00000fee00ffreerved
[    0.000000] BIOS-e820: [mem x00000000fffc0000-0x00000000ffffffff] reserved
[    0.000000] NX (Execute Disable) protection: active
[    0.000000] SMBIOS 2.5 present.
[    0.000000] Hypervisor detected: KVM
[    0.000000] e820: last_pfn = 0x7fff0 max_arch_pfn = 0x400000
[    0.0000] RR Disabled
[    0.000000] x86/PAT: MTRRs disabled, skipping PAT initialization too.
[    0.000000] CPU MTRRs all blank - virtualized system.
[    0.000000] x86/PAT: Configuration [0-7]: WB  WT  UC- UC  WB  WT  UC- UC     0000 foundMPP-tae t em 0x09f0-0x0009ffff] mapped at [ffff88000009fff0]
[    0.000000] Scanning 1 areas for low memorcoupion  0.000000] RAMDISK: [mem 0x36acc000-0x3755dff]
[  0.000000] ACPI: Early table checksum verification disabled
  .000] PI RSDP x00000000E00 0004 (v02 VBOX  )
[    0.000000] ACPI: XSDT 0x0000007F000 0000 (1 VBOX VXXDT 00000ASL  00000061)
[    0.000000] ACPI:FA 000000000FFF0 000F4v0 VBOX  VXFP 000000AS  000006)[   0.0000 API: DST x000007FF00 21FF(v VX   BOIO0000002 NT2060108)
[  0.0000] ACPI: FACS x0000000FFF0200 000040
[    0.000000] ACPI: FACS 0x000000007FFF020 0040  0.00000]CP: APIC 0x00007FFF020 00C (v02VBOX   VBOXAPIC 000001SL 00000)[    0.00000] PI SSDT x00000FFF02A 001 (v01 BO  BOCPUT 00000002 INTL 20160108)
[    0.000000] No NUMA configuration found
[    0.000000] Faking a node at [mem 0x0000000000000000-0x000000007ffeffff]
[    0.000000] NODE_DTA) locate[mm 7ffeb0000xfefff]
[  .00000] vmclck: Usngmss 564d1 d 564d0   0.000000] kvm-clock: cpu 0, msr 0:7ffe3001, primary cpu clock
[    0.000000] kvm-clock: using sched fft f 1259368 cycls    0.0000] clckource:kvclk: mk:xfffffffffff max_ccl: x1cd2eff max_ilens 81590913 
[   0000] neanes:
[  00000] DM     [emx0000000010-0x0000000000ffffff]
[    0.000000]   DMA32    [mem 0x0000000001000000-0x000000007ffeffff]
[    0.000000]   Normal   empty
[    0.000000]   Device   empty
[    0.000000] Movable zone start for each node
[    0.000000] Early memory node ranges
[    0.000000]   node   0: [mem 0x0000000000001000-0x000000000009efff]
[    0.000000]   node   0: [mem 0x0000000000100000-0x000000007ffeffff]
[    0.000000] Initmem setup node 0 [mem 0x0000000000001000-0x000000007ffeffff]
[    0.000000] ACPI: PM-Timer IO Port:x408
[   0000] IOAIC]:apicid, rsion 2,ddress 0ec00, GSI -2
   0.000000]ACPI: INT_SRC_OVR bus  bs_q 0 lol_q 2 df d)
[  .0000] APIIN_SRC_OR us bus_irq 9 global_irq 9 owevel)[  0000000Usg ACPI(MT)or SMP conigaton information
[    0.000000] smpboot: Allowing 2 CPUs, 0 hotplug CPUs
[    0.000000] PM: Registered nosave memory: [mem 0x00000000-0x00000fff]
[    0.000000] PM: Registered nosave memory: [mem 0x0009f000-0x0009ffff]
[    0.000000] PM: Registered nosave memory: [mem 0x000a0000-0x000effff]
[    0.000000] PM: Registered nosave memory: [mem 0x000f0000-0x000fffff]
[    0.000000] e820: [mem 0x80000000-0xfebfffff] available for PCI devices
[    0.000000] Booti pavrtualiedkeel on M    0.000]clocksoue:efned-ifesmask 0fffff ma_ccl: 0xfffff, ax_iles:6455962168 ns[  0.0000]etp_percu:R_PUS:51 ncpask_bis:2 r_cp_is:nrnode_i:1
[    .000] ERCPU:Emddd 34 pgecp @fff8807f000 s99544 r812 158 u10457
[    .00000]  qpilock hshabe entres25 (orer0,096 te
    .000 Buit zolists n deorder,moliy ropi o  Tota pes515961
[  .00000] liy zoneDM2
[   00000] Kenecomand lne: BOT_AGE=/botmlnuz-4.11-generc otLABEL=loim-rotfs r csoe=tt1 onol=tty0   0.00000PI has tlentries 46 orde:  368 byts)[   0.00] Memoy:03900K2069 availbl(899K kenecoe, 130K wdata,3988K oda,1508K ni 116K ss6296 reserd,K cma-reerd)
[    0000] SLUB Haln=64, de0-3,injets=0, PU2,Node=1
[    0.000000] Kernel/User page tables isolation: enabled
[    0.000000] Hierarchical RCU implementation.
[    0.000000] 	Build-time adjustment of leaf fanout to 64.
[    0.000000] 	RCU restricting CPUs from NR_CPUS=512 to nr_cpu_ids=2.
[    0.000000] RCU: Adjusting geometry for cu_fanout_leaf=64, nr_cpu_ids=2
[    0.000000] NR_IRQS:33024 nr_irqs:440 16
[    0.000000] Console: colour VGA+ 80x25
[    0.000000] console [tty1] enabled
[    0.000000] console [ttyS0] enabled
[    0.000000] tsc: Detected 2904.000 MHz processor
[    9.606023] Calibrating delay loop (skipped) preset value.. 5808.00 BogoMIPS (lpj=11616000)
[    9.607239] pid_max: default: 32768 minimum: 301
[    9.607885] ACPI: Core revision 20150930
[    9.609227] ACPI: 2 ACPI AML tables successfully acquired and loaded
[    9.610202] Security Framework initialized
[    9.610810] Yama: becoming mindful.
[    9.611354] AppArmor: AppArmor initialized
[   9.612394] Dentry cache hash table entries: 262144 (order: 9, 2097152 bytes)
[    9.623657] Inode-cache hash table entries: 131072 (order: 8, 1048576 bytes)
[    9.625042] Mount-cache hash table entries: 4096 (order: 3, 32768 bytes)
[    9.635717] Mountpoint-cache hash table entries: 4096 (order: 3, 32768 bytes)
[    9.637818] Initializing cgroup subsys io
[    9.674087] Initializing cgroup subsys memory
[    9.674726] Initializing cgroup subsys devices
[    9.675372] Initializing cgroup subsys freezer
[    9.676030] Initializing cgroup subsys net_cls
[    9.676683] Initializing cgroup subsys perf_event
[    9.677355] Initializing cgroup subsys net_prio
[    9.678058] Initializing cgroup subsys hugetlb
[    9.678702] Initializing cgroup subsys pids
[    9.679386] CPU: Physical Processor ID: 0
[    9.679981] CPU: Processor Core ID: 0
[    9.680557] FEATURE SPEC_CTRL Not Present
[    9.682185] mce: CPU supports 0 MCE banks
[    9.682796] Last level iTLB entries: 4KB 64, 2MB 8, 4MB 8
[    9.683533] Last level dTLB entries: 4KB 64, 2MB 0, 4MB 0, 1GB 4
[    9.685924] Freeing SMP alternatives memory: 32K
[    9.693079] ftrace: allocating 32180 entries in 126 pages
[    9.731411] smpboot: APIC(0) Converting physical 0 to logical package 0
[    9.737698] smpboot: Max logical packages: 1
[    9.792518] x2apic enabled
[    9.798504] Switched APIC routing to physical x2apic.
[    9.800098] ..TIMER: vector=0x30 apic1=0 pin1=2 apic2=-1 pin2=-1
[    9.905757] smpboot: CPU0: Intel(R) Core(TM) i7-7500U CPU @ 2.70GHz (family: 0x6, model: 0x8e, stepping: 0x9)
[    9.911197] Performance Events: unsupported p6 CPU model 142 no PMU driver, software events only.
[    9.912525] KVM setup paravirtual spinlock
[    9.914084] x86: Booting SMP configuration:
[    9.923467] .... node  #0, CPUs:      #1
[    9.924163] kvm-clock: cpu 1, msr 0:7ffe3041, secondary cpu clock
[    9.925709] mce: CPU supports 0 MCE banks
[    9.928083] x86: Booted up 1 node, 2 CPUs
[    9.933746] smpboot: Total of 2 processors activated (11616.00 BogoMIPS)
[    9.934990] devtmpfs: initialized
[    9.936950] evm: security.selinux
[    9.937471] evm: security.SMACK64
[    9.938015] evm: security.SMACK64EXEC
[    9.938573] evm: security.SMACK64TRANSMUTE
[    9.939173] evm: security.SMACK64MMAP
[    9.939730] evm: security.ima
[    9.940216] evm: security.capability
[    9.940950] clocksource: jiffies: mask: 0xffffffff max_cycles: 0xffffffff, max_idle_ns: 7645041785100000 ns
[    9.942323] futex hash table entries: 512 (order: 3, 32768 bytes)
[    9.948567] pinctrl core: initialized pinctrl subsystem
[    9.949378] RTC time: 19:01:30, date: 08/31/18
[    9.950152] NET: Registered protocol family 16
[    9.961790] cpuidle: using governor ladder
[   10.026016] cpuidle: using governor menu
[   10.069634] PCCT header not found.
[   10.072325] ACPI: bus type PCI registered
[   10.072859] acpiphp: ACPI Hot Plug PCI Controller Driver version: 0.5
[   10.073661] PCI: Using configuration type 1 for base access
[   10.087321] ACPI: Added _OSI(Module Device)
[   10.138669] ACPI: Added _OSI(Processor Device)
[   10.196041] ACPI: Added _OSI(3.0 _SCP Extensions)
[   10.256835] ACPI: Added _OSI(Processor Aggregator Device)
[   10.297576] ACPI: Executed 1 blocks of module-level executable AML code
[   10.299845] ACPI: Interpreter enabled
[   10.300355] ACPI: (supports S0 S5)
[   10.300827] ACPI: Using IOAPIC for interrupt routing
[   10.301550] PCI: Using host bridge windows from ACPI; if necessary, use "pci=nocrs" and report a bug
[   10.307230] ACPI: PCI Root Bridge [PCI0] (domain 0000 [bus 00-ff])
[   10.309004] acpi PNP0A03:00: _OSC: OS supports [ASPM ClockPM Segments MSI]
[   10.393901] acpi PNP0A03:00: _OSC: not requesting OS control; OS requires [ExtendedConfig ASPM ClockPM MSI]
[   10.506284] acpi PNP0A03:00: fail to add MMCONFIG information, can't access extended PCI configuration space under this bridge.
[   10.549280] PCI host bridge to bus 0000:00
[   10.549843] pci_bus 0000:00: root bus resource [io  0x0000-0x0cf7 window]
[   10.550621] pci_bus 0000:00: root bus resource [io  0x0d00-0xffff window]
[   10.551377] pci_bus 0000:00: root bus resource [mem 0x000a0000-0x000bffff window]
[   10.552348] pci_bus 0000:00: root bus resource [mem 0x80000000-0xfdffffff window]
[   10.553316] pci_bus 0000:00: root bus resource [bus 00-ff]
[   10.554937] pci 0000:00:01.1: legacy IDE quirk: reg 0x10: [io  0x01f0-0x01f7]
[   10.555721] pci 0000:00:01.1: legacy IDE quirk: reg 0x14: [io  0x03f6]
[   10.586752] pci 0000:00:01.1: legacy IDE quirk: reg 0x18: [io  0x0170-0x0177]
[   10.636358] pci 0000:00:01.1: legacy IDE quirk: reg 0x1c: [io  0x0376]
[   10.668699] pci 0000:00:07.0: quirk: [io  004000-0x403f] claimed by PIIX4 ACPI
[   10.835434] pci 0000:00:07.0: quirk: [io  0x4100-0x410f] claimed by PIIX4 SMB
[   10.948498] ACPI: PCI Interrupt Link [LNKA] (IRQs 5 9 10 *11)
[   11.024918] ACPI: PCI Interrupt Link [LNKB] (IRQs 5 9 *10 11)
[   11.098425] ACPI: PCI Interrupt Link [LNKC] (IRQs 5 *9 10 11)
[   11.172202] ACPI: PCI Interrupt Link [LNKD] (IRQs 5 9 10 *11)
[   11.245840] ACPI: Enabled 2 GPEs in block 00 to 07
[   11.246810] vgaarb: setting as boot device: PCI:0000:00:02.0
[   11.247509] vgaarb: device added: PCI:0000:00:02.0,decodes=io+mem,owns=io+mem,locks=none
[   11.328894] vgaarb: loaded
[   11.329322] vgaarb: bridge control possible 0000:00:02.0
[   11.330218] SCSI subsystem initialized
[   11.332444] ACPI: bus type USB registered
[   11.332990] usbcore: registered new interface driver usbfs
[   11.333644] usbcore: registered new interface driver hub
[   11.334299] usbcore: registered new device driver usb
[   11.335071] PCI: Using ACPI for IRQ routing
[   11.338114] NetLabel: Initializing
[   11.338593] NetLabel:  domain hash size = 128
[   11.344652] NetLabel:  protocols = UNLABELED CIPSOv4
[   11.405677] NetLabel:  unlabeled traffic allowed by default
[   11.470305] amd_nb: Cannot enumerate AMD northbridges
[   11.485929] clocksource: Switched to clocksource kvm-clock
[   11.514255] AArr:ppmoFisyemnale
[ 11.957923] pnp: PnP ACPI init
[  10193 p: P PIfod dece

[   12.466206] clocksource: acpi_pm: mask: 0xffffff max_cycles: 0xffffff, max_idle_ns: 2085701024 ns
[   12.552779] NET: Registered protocol family 2
[   12.555253] TCP established hash table entries: 16384 (order: 5, 131072 bytes)
[   12.842635] TCP bind hash table entries: 16384 (order: 6, 262144 bytes)
[   12.862664] TCP: Hash tables configured (established 16384 bind 16384)
[   12.863533] UDP hash table entries: 1024 (order: 3, 32768 bytes)
[   12.864236] UDP-Lite hash table entries: 1024 (order: 3, 32768 bytes)
[   12.865012] NET: Registered protocol family 1
[   12.992265] pci 0000:00:00.0: Limiting direct PCI/PCI transfers
[   13.042316] pci 0000:00:01.0: Activating ISA DMA hang workarounds
[   13.102463] Unpacking initramfs...
[   14.530515] Freeing initrd memory: 10824K
[   14.644312] platform rtc_cmos: registered platform RTC device (no PNP device found)
[   14.647640] Scanning for low memory corruption every 60 seconds
[   14.649018] audit: initializing netlink subsys (disabled)
[   14.650037] audit: type=2000 audit(1535742098.829:1): initialized
[   14.651415] Initialise system trusted keyring
[   14.652443] HugeTLB registered 2 MB page size, pre-allocated 0 pages
[   14.668920] zbud: loaded
[   14.669603] VFS: Disk quotas dquot_6.6.0
[   14.670314] VFS: Dquot-cache hash table entries: 512 (order 0, 4096 bytes)
[   14.671403] squashfs: version 4.0 (2009/01/31) Phillip Lougher
[   14.672463] fuse init (API version 7.23)
[   14.673165] Key type big_key registered
[   14.673783] Allocating IMA MOK and blacklist keyrings.
[   14.675210] Key type asymmetric registered
[   14.675838] Asymmetric key parser 'x509' registered
[   14.692980] Block layer SCSI generic (bsg) driver version 0.4 loaded (major 249)
[   14.721444] io scheduler noop registered
[   14.732533] io scheduler deadline registered (default)
[   14.742653] io scheduler cfq registered
[   14.752814] pci_hotplug: PCI Hot Plug PCI Core version: 0.5
[   14.753924] pciehp: PCI Express Hot Plug Controller Driver version: 0.4
[   14.754876] ACPI: AC Adapter [AC] (on-line)
[   14.755528] input: Power Button as /devices/LNXSYSTM:00/LNXPWRBN:00/input/input0
[   14.756620] ACPI: Power Button [PWRF]
[   14.757221] input: Sleep Button as /devices/LNXSYSTM:00/LNXSLPBN:00/input/input1
[   14.762527] ACPI: Sleep Button [SLPF]
[   14.763286] GHES: HEST is not enabled!
[   14.763782] ACPI: Battery Slot [BAT0] (battery present)
[   14.764638] Serial: 8250/16550 driver, 32 ports, IRQ sharing enabled
[   14.786637] 00:02: ttyS0 at I/O 0x3f8 (irq = 4, base_baud = 115200) is a 16550A
[   14.803825] Linux agpgart interface v0.103
[   14.809666] loop: module loaded
[   14.842846] scsi host0: ata_piix
[   14.852466] scsi host1: ata_piix
[   14.852960] ata1: PATA max UDMA/33 cmd 0x1f0 ctl 0x3f6 bmdma 0xd000 irq 14
[   14.853744] ata2: PATA max UDMA/33 cmd 0x170 ctl 0x376 bmdma 0xd008 irq 15
[   14.892832] libphy: Fixed MDIO Bus: probed
[   14.894896] tun: Universal TUN/TAP device driver, 1.6
[   14.895556] tun: (C) 1999-2004 Max Krasnyansky <maxk@qualcomm.com>
[   14.896316] PPP generic driver version 2.4.2
[   14.896919] ehci_hcd: USB 2.0 'Enhancdd  oott Controller (EHCI) Driver
[   15.042425] ehci-pci: EHCI PCI platform drieer
[   15.242355] ehci-platform: EHCI generic platform driver
[   15.352522] ohci_hcd: USB 1.1 'Open' Host Controller (OHCI) Driver
[   15.353252] ohci-pci: OHCI PCI platform driver
[   15.353837] ohci-platform: OHCI generic platform driver
[   15.354503] uhci_hcd: USB Universal Host Controller Interface driver
[   15.355291] i8042: PNP: PS/2 Controller [PNP0303:PS2K,PNP0f03:PS2M] at 0x60,0x64 irq 1,12
[   15.356733] serio: i8042 KBD port at 0x60,0x64 irq 1
[   15.357345] serio: i8042 AUX port at 0x60,0x64 irq 12
[   15.442411] mousedev: PS/2 mouse device common for all mice
[   15.522914]iipput: A  rrnnslated Set 2 keyboard as /devices/platform/i8042/serio0/input/input2
[   15.762532] rtc_cmos rtc_cmos: rtc core: registered rtc_cmos as rtc0
[   15.762608] tsc: Refined TSC clocksource calibration: 2905.589 MHz
[   15.762610] clocksource: tsc: mask: 0xffffffffffffffff max_cycles: 0x29e1e289696, max_idle_ns: 440795216035 ns
[   15.891618] rtc_cmos rtc_cmos: alarms up to one day, 114 bytes nvram
[   15.904748] i2c /dev entries drve

[   16.114452] device-mapper: uevent: version 0.

[   66444422]]ddvvcc--mapper: ioctl: 4.34.0-ioctl (2015-10-28) initialised: dm-devel@redhat.com
[   16.752977] ledtrig-cpu: registered to indicate activity on CPUs
[   16.754823] NET: Registered protocol family 10
[   16.762153] NET: Registered protocol family 17
[   16.762978] Key type dns_resolver registered
[   16.763950] microcode: CPU0 sig=0x806e9, pf=0x2, revision=0x0
[   16.764814] microcode: CPU1 sig=0x806e9, pf=0x2, revision=0x0
[   16.772490] microcode: Microcode Update Driver: v2.01 <tigran@aivazian.fsnet.co.uk>, Peter Oruba
[   16.802966] registered taskstats version 1
[   16.803518] Loading compiled-in X.509 certificates
[   16.833038] Loaded X.509 cert 'Build time autogenerated kernel key: 4c603087bab8f0a02cb3b4e1fb4c40f507e71ef1'
[   16.834255] zswap: loaded using pool lzo/zbud
[   16.894265] Key type trusted registered
[   16.975904] Key type encrypted registered
[   17.082442] AppArmor: AppArmor sha1 policy hashing enabled
[   17.083104] ima: No TPM chip found, activating TPM-bypass!
[   17.083769] evm: HMAC attrs: 0x1
[   17.084457]   Magic number: 14:320:42
[   17.084968] bdi 7:7: hash matches
[   17.085500] rtc_cmos rtc_cmos: setting system clock to 2018-08-31 19:01:38 UTC (1535742098)
[   17.086698] BIOS EDD facility v0.16 2004-Jun-25, 0 devices found
[   17.102544] EDD information not available.
[   17.110025] Freeing unused kernel memory: 1508K
[   17.183660] Write protecting the kernel read-only data: 14336k
[   17.184682] Freeing unused kernel memory: 1728K
[   17.185413] Freeing unused kernel memory: 108K
Loading, please wait...
starting version[   17.197997] random: systemd-udevd: uninitialized urandom read (16 bytes read, 5 bits of entropy available)
 229
[   17.198554] random: udevadm: uninitialized urandom read (16 bytes read, 5 bits of entropy available)
[   17.198575] random: udevadm: uninitialized urandom read (16 bytes read, 5 bits of entropy available)
[   17.208161] random: udevadm: uninitialized urandom read (16 bytes read, 5 bits of entropy available)
[   17.208206] random: udevadm: uninitialized urandom read (16 bytes read, 5 bits of entropy available)
[   17.208346] random: udevadm: uninitialized urandom read (16 bytes read, 5 bits of entropy available)
[   17.208399] random: udevadm: uninitialized urandom read (16 bytes read, 5 bits of entropy available)
[   17.208458] random: udevadm: uninitialized urandom read (16 bytes read, 5 bits of entropy available)
[   17.208512] random: udevadm: uninitialized urandom read (16 bytes read, 5 bits of entropy available)
[   17.208566] random: udevadm: uninitialized urandom read (16 bytes read, 5 bits of entropy available)
[   17.481232] e1000: Intel(R) PRO/1000 Network Driver - version 7.3.21-k8-NAPI
[   17.538553] e1000: Copyright (c) 1999-2006 Intel Corporation.
[   17.557197] AVX2 version of gcm_enc/dec engaged.
[   17.562039] Fusion MPT base driver 3.04.20
[   17.562040] Copyright (c) 1999-2008 LSI Corporation
[   17.638813] AES CTR mode by8 optimization enabled
[   17.643349] Fusion MPT SPI Host driver 3.04.20
[   17.757667] input: ImExPS/2 Generic Explorer Mouse as /devices/platform/i8042/serio1/input/input4
[   17.981007] e1000 0000:00:03.0 eth0: (PCI:33MHz:32-bit) 02:66:2d:c5:e5:fb
[   18.007450] e1000 0000:00:03.0 eth0: Intel(R) PRO/1000 Network Connection
[   18.008903] mptbase: ioc0: Initiating bringup
[   18.086472] ioc0: LSI53C1030 A0: Capabilities={Initiator}
[   18.548472] scsi host2: ioc0: LSI53C1030 A0, FwRev=00000000h, Ports=1, MaxQ=256, IRQ=20
[   18.727347] scsi 2:0:0:0: Direct-Access     VBOX     HARDDISK         1.0  PQ: 0 ANSI: 5
[   18.813083] scsi target2:0:0: Beginning Domain Validation
[   18.834891] scsi target2:0:0: Domain Validation skipping write tests
[   18.842130] scsi target2:0:0: Ending Domain Validation
[   18.862078] scsi target2:0:0: asynchronous
[   18.867347] scsi 2:0:1:0: Direct-Access     VBOX     HARDDISK         1.0  PQ: 0 ANSI: 5
[   18.869658] scsi target2:0:1: Beginning Domain Validation
[   18.899391] scsi target2:0:1: Domain Validation skipping write tests
[   18.900912] scsi target2:0:1: Ending Domain Validation
[   18.902273] scsi target2:0:1: asynchronous
[   18.924751] sd 2:0:0:0: [sda] 20971520 512-byte logical blocks: (10.7 GB/10.0 GiB)
[   18.943173] sd 2:0:0:0: Attached scsi generic sg0 type 0
[   18.944519] sd 2:0:1:0: Attached scsi generic sg1 type 0
[   18.950727] sd 2:0:0:0: [sda] Write Protect is off
[   18.951460] sd 2:0:1:0: [sdb] 20480 512-byte logical blocks: (10.5 MB/10.0 MiB)
[   18.953652] sd 2:0:0:0: [sda] Incomplete mode parameter data
[   18.959862] sd 2:0:0:0: [sda] Assuming drive cache: write through
[   18.966272] sd 2:0:1:0: [sdb] Write Protect is off
[   18.971693] sd 2:0:1:0: [sdb] Incomplete mode parameter data
[   18.973581] sd 2:0:1:0: [sdb] Assuming drive cache: write through
[   18.979868]  sda: sda1
[   18.984112] sd 2:0:0:0: [sda] Attached SCSI disk
[   19.010489] sd 2:0:1:0: [sdb] Attached SCSI disk
[   19.165865] e1000 0000:00:08.0 eth1: (PCI:33MHz:32-bit) 08:00:27:a0:6c:5d
[   19.242699] e1000 0000:00:08.0 eth1: Intel(R) PRO/1000 Network Connection
[   19.373427] e1000 0000:00:08.0 enp0s8: renamed from eth1
[   19.392527] e1000 0000:00:03.0 enp0s3: renamed from eth0
[   20.652456] floppy0: no floppy controllers found
Begin: Loading e[   21.998419] md: linear personality registered for level -1
ssential drivers ... [   22.174651] md: multipath personality registered for level -4
[   22.177803] md: raid0 personality registered for level 0
[   22.337433] md: raid1 personality registered for level 1
[   22.441944] raid6: sse2x1   gen() 12617 MB/s
[   22.609974] raid6: sse2x1   xor()  8875 MB/s
[   22.761940] raid6: sse2x2   gen() 14527 MB/s
[   22.852060] raid6: sse2x2   xor() 10617 MB/s
[   23.021936] raid6: sse2x4   gen() 17472 MB/s
[   23.098211] raid6: sse2x4   xor() 10357 MB/s
[   23.201966] raid6: avx2x1   gen() 23303 MB/s
[   23.381959] raid6: avx2x2   gen() 27424 MB/s
[   23.458129] raid6: avx2x4   gen() 27989 MB/s
[   23.482498] raid6: using algorithm avx2x4 gen() 27989 MB/s
[   23.483156] raid6: using avx2x2 recovery algorithm
[   23.484801] xor: automatically using best checksumming function:
[   23.545976]    avx       : 21084.000 MB/sec
[   23.556696] async_tx: api initialized (async)
[   23.568213] md: raid6 personality registered for level 6
[   23.582685] md: raid5 personality registered for level 5
[   23.589737] md: raid4 personality registered for level 4
[   23.597645] md: raid10 personality registered for level 10
done.
Begin: Running /scripts/init-premount ... done.
Begin: Mounting root file syst[   23.635275] Btrfs loaded
em ... Begin: Running /scripts/local-top ... done.
Begin: Running /scripts/local-premount ... Scanning for Btrfs filesystems
done.
Warning: fsck not present, so sk[   23.715375] EXT4-fs (sda1): mounted filesystem with ordered data mode. Opts: (null)
ipping root file system
done.
Begin: Running /scripts/local-bottom ... done.
Begin: Running /scripts/init-bottom ... done.
[   24.388718] systemd[1]: systemd 229 running in system mode. (+PAM +AUDIT +SELINUX +IMA +APPARMOR +SMACK +SYSVINIT +UTMP +LIBCRYPTSETUP +GCRYPT +GNUTLS +ACL +XZ -LZ4 +SECCOMP +BLKID +ELFUTILS +KMOD -IDN)
[   24.417224] systemd[1]: Detected virtualization oracle.
[   24.418276] systemd[1]: Detected architecture x86-64.

Welcome to [1mUbuntu 16.04.3 LTS[0m!

[   24.474452] systemd[1]: Set hostname to <ubuntu>.
[   24.666632] random: nonblocking pool is initialized
[   24.985938] systemd[1]: Initializing machine ID from random generator.
[   25.022807] systemd[1]: Installed transient /etc/machine-id file.
[   26.021536] systemd[1]: Reached target User and Group Name Lookups.
[[0;32m  OK  [0m] Reached target User and Group Name Lookups.
[   26.055788] systemd[1]: Set up automount Arbitrary Executable File Formats File System Automount Point.
[[0;32m  OK  [0m] Set up automount Arbitrary Executab...ats File System Automount Point.
[   26.103431] systemd[1]: Listening on udev Control Socket.
[[0;32m  OK  [0m] Listening on udev Control Socket.
[   26.151002] systemd[1]: Started Forward Password Requests to Wall Directory Watch.
[[0;32m  OK  [0m] Started Forward Password Requests to Wall Directory Watch.
[   26.206756] systemd[1]: Listening on Journal Socket.
[[0;32m  OK  [0m] Listening on Journal Socket.
[   26.375647] systemd[1]: Listening on Device-mapper event daemon FIFOs.
[[0;32m  OK  [0m] Listening on Device-mapper event daemon FIFOs.
[   26.414170] systemd[1]: Created slice User and Session Slice.
[[0;32m  OK  [0m] Created slice User and Session Slice.
[   26.439911] systemd[1]: Listening on /dev/initctl Compatibility Named Pipe.
[[0;32m  OK  [0m] Listening on /dev/initctl Compatibility Named Pipe.
[   26.446550] systemd[1]: Listening on udev Kernel Socket.
[[0;32m  OK  [0m] Listening on udev Kernel Socket.
[   26.453480] systemd[1]: Created slice System Slice.
[[0;32m  OK  [0m] Created slice System Slice.
[   26.454913] systemd[1]: Created slice system-serial\x2dgetty.slice.
[[0;32m  OK  [0m] Created slice system-serial\x2dgetty.slice.
[   26.470296] systemd[1]: Starting Create list of required static device nodes for the current kernel...
         Starting Create list of required st... nodes for the current kernel...
[   26.526678] systemd[1]: Reached target Slices.
[[0;32m  OK  [0m] Reached target Slices.
[   26.586228] systemd[1]: Mounting POSIX Message Queue File System...
         Mounting POSIX Message Queue File System...
[   26.645286] systemd[1]: Starting Load Kernel Modules...
[   26.692663] Loading iSCSI transport class v2.0-870.
         Starting Load Kernel Modules...
[   26.700261] systemd[1]: Starting Nameserver information manager...
         Starting Nameserver information manager[   26.731440] iscsi: registered transport (tcp)
...
[   27.026206] systemd[1]: Starting Uncomplicated firewall...
         Starting Uncomplicated [   27.126016] iscsi: registered transport (iser)
firewall...
[   27.234168] systemd[1]: Mounting Debug File System...
         Mounting Debug File System...
[   27.453257] systemd[1]: Listening on Journal Audit Socket.
[[0;32m  OK  [0m] Listening on Journal Audit Socket.
[   27.454786] systemd[1]: Started Trigger resolvconf update for networkd DNS.
[[0;32m  OK  [0m] Started Trigger resolvconf update for networkd DNS.
[   27.456341] systemd[1]: Reached target Swap.
[[0;32m  OK  [0m] Reached target Swap.
[   27.458392] systemd[1]: Reached target Encrypted Volumes.
[[0;32m  OK  [0m] Reached target Encrypted Volumes.
[   27.463432] systemd[1]: Listening on LVM2 poll daemon socket.
[[0;32m  OK  [0m] Listening on LVM2 poll daemon socket.
[   27.465442] systemd[1]: Starting Set console keymap...
         Starting Set console keymap...
[   27.501335] systemd[1]: Listening on Syslog Socket.
[[0;32m  OK  [0m] Listening on Syslog Socket.
[   27.510620] systemd[1]: Mounting Huge Pages File System...
         Mounting Huge Pages File System...
[   27.519217] systemd[1]: Listening on Journal Socket (/dev/log).
[[0;32m  OK  [0m] Listening on Journal Socket (/dev/log).
[   27.521232] systemd[1]: Starting Journal Service...
         Starting Journal Service...
[   27.528447] systemd[1]: Starting Remount Root and Kernel File Systems...
[   27.583608] EXT4-fs (sda1): re-mounted. Opts: (null)
         Starting Remount Root and Kernel File Systems...
[   276633229] systemd[1]: Listening on LVM2 metadata daemon socket.
[[0;32m  OK  [0m] Listening on LVM2 metadata daemon socket.
[   27.756662] systemd[1]: Starting Monitoring of LVM2 mirrors, snapshots etc. using dmeventd or progress polling...
         Starting Monitoring of LVM2 mirrors... dmeventd or progress polling...
[   27.769347] systemd[1]: Mounted POSIX Message Queue File System.
[[0;32m  OK  [0m] Mounted POSIX Message Queue File System.
[   27985]system1] Mounted Dugil Ste
[[0;32m  OK  [0m] Mounted Debug File System.
[  22496syemd[: Mounted Hu Pages File System
[[0;32m  OK  [0m] Mounted Huge Pages File System.
[   28.624611] systemd[1]: Started Journal Service.
[[0;32m  OK  [0m] Started Journal Service.
[[0;32m  OK  [0m] Started Create list of required sta...ce nodes for the current kernel.
[[0;32m  OK  [0m] Started Load Kernel Modules.
[[0;32m  OK  [0m] Started Uncomplicated firewall.
[[0;32m  OK  [0m] Started Set console keymap.
[[0;32m  OK  [0m] Started Remount Root and Kernel File Systems.
[[0;32m  OK  [0m] Started Nameserver information manager.
[[0;32m  OK  [0m] Started LVM2 metadata daemon.
         Starting Initial cloud-init job (pre-networking)...
         Starting Load/Save Random Seed...
         Starting udev Coldplug all Devices...
         Starting Apply Kernel Variables...
         Mounting FUSE Control File System...
         Starting Create Static Device Nodes in /dev...
         Starting Flush Journal to Persistent Storage...
[[0;32m  OK  [0m] Mounted FUSE Control File System.
[[0;32m  OK  [0m] Started Load/Save Random Seed.
[[0;32m  OK  [0m] Started Apply Kernel Variables.
[[0;32m  OK  [0m] Started udev Coldplug all Devices.
[[0;32m  OK  [0m] Started Flush Journal to Persistent Storage.
[[0;32m  OK  [0m] Started Create Static Device Nodes in /dev.
         Starting udev Kernel Device Manager...
[[0;32m  OK  [0m] Started Monitoring of LVM2 mirrors,...ng dmeventd or progress polling.
[[0;32m  OK  [0m] Started udev Kernel Device Manager.
[[0;32m  OK  [0m] Reached target Local File Systems (Pre).
[[0;32m  OK  [0m] Reached target Local File Systems.
         Starting Create Volatile Files and Directories...
         Starting LSB: AppArmor initialization...
         Starting Commit a transient machine-id on disk...
         Starting Tell Plymouth To Write Out Runtime Data...
         Starting Set console font and keymap...
[[0;32m  OK  [0m] Started Dispatch Password Requests to Console Directory Watch.
[[0;32m  OK  [0m] Started Create Volatile Files and Directories.
[[0;32m  OK  [0m] Started Commit a transient machine-id on disk.
[[0;32m  OK  [0m] Found device /dev/ttyS0.
[[0;32m  OK  [0m] Reached target System Time Synchronized.
         Starting Update UTMP about System Boot/Shutdown...
[[0;32m  OK  [0m] Started Tell Plymouth To Write Out Runtime Data.
[[0;32m  OK  [0m] Started Update UTMP about System Boot/Shutdown.
[[0;32m  OK  [0m] Started Set console font and keymap.
[[0;32m  OK  [0m] Created slice system-getty.slice.
[[0;32m  OK  [0m] Listening on Load/Save RF Kill Switch Status /dev/rfkill Watch.
[[0;32m  OK  [0m] Started LSB: AppArmor initialization.
[   22.789718] cloud-init[433]: Cloud-init v. 17.1 running 'init-local' at Fri, 31 Aug 2018 19:01:54 +0000. Up 22.27 seconds.
[[0;32m  OK  [0m] Started Initial cloud-init job (pre-networking).
[[0;32m  OK  [0m] Reached target Network (Pre).
         Starting Raise network interfaces...
[[0;32m  OK  [0m] Started Raise network interfaces.
         Starting Initial cloud-init job (metadata service crawler)...
[[0;32m  OK  [0m] Reached target Network.
[   25.507611] cloud-init[951]: Cloud-init v. 17.1 running 'init' at Fri, 31 Aug 2018 19:01:56 +0000. Up 23.62 seconds.
[   25.515280] cloud-init[951]: ci-info: ++++++++++++++++++++++++++++++++++++++Net device info++++++++++++++++++++++++++++++++++++++
[   25.516544] cloud-init[951]: ci-info: +--------+-------+----------------------------+---------------+-------+-------------------+
[   25.520838] cloud-init[951]: ci-info: | Device |   Up  |          Address           |      Mask     | Scope |     Hw-Address    |
[   25.552163] cloud-init[951]: ci-info: +--------+-------+----------------------------+---------------+-------+-------------------+
[   25.552363] cloud-init[951]: ci-info: | enp0s3 |  True |         10.0.2.15          | 255.255.255.0 |   .   | 02:66:2d:c5:e5:fb |
[[0;32m  OK  [0m] Started Initial cloud-init job (metadata service crawler).
[   25.552568] cloud-init[951]: ci-info: | enp0s3 |  True | fe80::66:2dff:fec5:e5fb/64 |       .       |  link | 02:66:2d:c5:e5:fb |
[   25.563086] cloud-init[951]: ci-info: | enp0s8 | False |             .              |       .       |   .   | 08:00:27:a0:6c:5d |
[   25.577885] cloud-init[951]: ci-info: |   lo   |  True |         127.0.0.1          |   255.0.0.0   |   .   |         .         |
[   25.578679] cloud-init[951]: ci-info: |   lo   |  True |          ::1/128           |       .       |  host |         .         |
[[0;32m  OK  [0m] Reached target Network is Online.
[   25.579491] cloud-init[951]: ci-info: +--------+-------+----------------------------+---------------+-------+-------------------+
[   25.661254] cloud-init[951]: ci-info: +++++++++++++++++++++++++++Route IPv4 info++++++++++++++++++++++++++++
[   25.661991] cloud-init[951]: ci-info: +-------+-------------+----------+---------------+-----------+-------+
         Starting iSCSI initiator daemon (iscsid)...
[[   25.662180] cloud-init[951]: ci-info: | Route | Destination | Gateway  |    Genmask    | Interface | Flags |
[   25.842162] cloud-init[951]: ci-info: +-------+-------------+----------+---------------+-----------+-------+
[0;32m  OK  [0m] Reached target Cloud-config availability.
[   25.842576] cloud-init[951]: ci-info: |   0   |   0.0.0.0   | 10.0.2.2 |    0.0.0.0    |   enp0s3  |   UG  |
[[   25.981492] [0;32m  OK  [0mcloud-init] [951]: Reached target System Initialization.ci-info: |   1   |   10.0.2.0  | 0.0.0.0  | 255.255.255.0 |   enp0s3  |   U   |

[   26.006719] cloud-init[951]: ci-info: +-------+-------------+----------+---------------+-----------+-------+
[   26.006955] cloud-init[951]: Generating public/private rsa key pair.
[[0;32m  OK  [0m] Started Daily Cleanup of Temporary Directories.
[   26.007045] cloud-init[951]: Your identification has been saved in /etc/ssh/ssh_host_rsa_key.
[   26.109760] cloud-init[951]: Your public key has been saved in /etc/ssh/ssh_host_rsa_key.pub.
[[0;32m  OK  [0m] Listening on UUID daemon activation socket.
[   26.110290] cloud-init[951]: The key fingerprint is:
[   26.138642] cloud-init[951]: SHA256:H/glcJKmU6gim5H0fR14lU7Yz/frdC7evXD8cKDlUko root@ubuntu-xenial
[[0;32m  OK  [0m] Listening on D-Bus System Message Bus Socket.
[[   26.139053] cloud-init[951]: The key's randomart image is:
[   26.201424] cloud-init[951]: +---[RSA 2048]----+
[   26.201789] cloud-init[951]: |          o..    |
[   26.202133] cloud-init[951]: |       ..o.+     |
[   26.202491] cloud-init[951]: | .    ..*o+ o    |
[0;32m  OK  [0m] Started Timer to automatically refresh installed snaps.
[[   26.203357] cloud-init[951]: |... .. +o=.. o . |
[   26.347304] cloud-init[951]: |+ ....o.S.o E = .|
[   26.348443] cloud-init[951]: | = .  .. o = *...|
[0;32m  OK  [0m] Started Daily apt download activities.
[   26.348769] cloud-init[951]: |o         o +.o++|
[   26.456836] cloud-init[951]: |             .=*+|
[   26.481207] cloud--nit[951]: |             .o+*|
[   26.482015] cloud-init[951]: +----[SHA256]-----+
[[0;32m  OK  [0m] Started ACPI Events Check.
[   26.482729] cloud-init[951]: Generating public/private dsa key pair.
[   26.518454] cloud-init[951]: Your identification has been saved in /etc/ssh/ssh_host_dsa_key.
[   26.519205] cloud-init[951]: Your public key has been saved in /etc/ssh/ssh_host_dsa_key.pub.
[[0;32m  OK  [0m] Reached target Paths.
[[  26.519624] cloud-init[951]: The key fingerprint is:
[   26.674719] cloud-init[951]: SHA256:rDx1rY5DWNOb7QVBzbJCwFry5AZQmFM6uV+sSd+sci8 root@ubuntu-xenial
[   26.675758] cloud-init[951]: The key's randomart image is:
         Starting LXD - unix socket.
[   26.676379] cloud-init[951]: +---[DSA 1024]----+
[   26.813709] cloud-init[951]: |    .*o... ..o   |
[   26.828952] cloud-init[951]: |    +oo + . o o  |
[   26.881254] cloud-init[951]: |    +. O o   +   |
         Starting Socket activation for snappy daemon.
[   26.916820] [cloud-init[0;32m  OK  [0m[951]: ] |     o.o* o.o    |Listening on ACPID Listen Socket.

[[0;32m  OK  [0m] Started Daily apt upgrade and clean activities.
[[0;32m  OK  [0m] Reached target Timers.
[   26.921939] cloud-init[951]: |    . .+S..=..   |
[   27.020982] cloud-init[951]: |     +.B.+o.. .  |
[   27.065205] [cloud-init[0;32m  OK  [0m[951]: ] |      B.. +. .   |Listening on LXD - unix socket.

[[0;32m  OK  [0m] Listening on Socket activation for snappy daemon.
[   27.072195] cloud-init[951]: |      ..E+  .    |
[   27.097385] [cloud-init[0;32m  OK  [0m[951]: ] |       oo+o      |Started iSCSI initiator daemon (iscsid).

[   27.153969] cloud-init[951]: +----[SHA256]-----+
         Starting Login to default iSCSI targets...
[[0;32m  OK  [0m] Reached target Sockets.
[[0;32m  OK  [0m] Reached target Basic System.
[   27.188643] cloud-init[951]: Generating public/private ecdsa key pair.
[   27.282040] cloud-init[951]: Your identification has been saved in /etc/ssh/ssh_host_ecdsa_key.
[   27.300824] cloud-init[951]: Your public key has been saved in /etc/ssh/ssh_host_ecdsa_key.pub.
[[0;32m  OK  [0m] Started Deferred execution scheduler.
[   27.345120] cloud-init[951]: The key fingerprint is:
[   27.392872] cloud-init[951]: SHA256:LMDgmT2XC5s0+kkc0aPKK9YnzyBF0k1oJJeqc8AnOP4 root@ubuntu-xenial
[   27.393277] cloud-init[951]: The key's randomart image is:
[   27.393700] cloud-init[951]: +---[ECDSA 256]---+
[   27.393910] cloud-init[951]: | .oo+o           |
[   27.394107] cloud-init[951]: | .+Xo.o.         |
[   27.394299] cloud-init[951]: |o.*oXoo.         |
[   27.394499] cloud-init[951]: |++o=.X o         |
[   27.394693] cloud-init[951]: |o++o= o S        |
[   27.394934] cloud-init[951]: |o.=o . .         |
[   27.395161] cloud-init[951]: | +ooo            |
[   27.395355] cloud-init[951]: |..oEo.           |
[   27.395547] cloud-init[951]: |..  +o           |
[   27.395744] cloud-init[951]: +----[SHA256]-----+
[   27.396020] cloud-init[951]: Generating public/private ed25519 key pair.
         Starting Accounts Service...
[   27.396498] cloud-init[951]: Your identification has been saved in /etc/ssh/ssh_host_ed25519_key.
[   27.800441] cloud-init[951]: Your public key has been saved in /etc/ssh/ssh_host_ed25519_key.pub.
[   27.801299] cloud-init[951]: The key fingerprint is:
         Starting LXD - container startup/shutdown...
[   27.801678] cloud-init[951]: SHA256:CmKEx+/H5b1M9BwPen4ngrDDCG1aT5CVasrRBaHhxJM root@ubuntu-xenial
[   27.887651] cloud-init[951]: The key's randomart image is:
[   27.919790] cloud-init[951]: +--[ED25519 256]--+
[   27.921500] cloud-init[951]: |   .o.oo .       |
         Starting System Logging Service...
[   27.922863] cloud-init[951]: | o oEo  +        |
[   27.967142] cloud-init[951]: |. + oo =         |
[[0;32m  OK  [0m] Started Unattended Upgrades Shutdown.
[   27.967374] cloud-init[951]: | o .. *          |
[   28.008435] cloud-init[951]: |  o.o= .S . o    |
[   28.024163] cloud-init[951]: | . o+o++oo + +   |
[   28.024402] cloud-init[951]: |    .=+=.o+.+ .  |
[   28.024627] cloud-init[951]: |    ... =o.+. o .|
[   28.024868] cloud-init[951]: |         .o .o o |
[[0;32m  OK  [0m] Started D-Bus System Message Bus.
[   28.025001] cloud-init[951]: +----[SHA256]-----+
         Starting Pollinate to seed the pseudo random number generator...
         Starting Snappy daemon...
         Starting /etc/rc.local Compatibility...
[[0;32m  OK  [0m] Started FUSE filesystem for LXC.
[[0;32m  OK  [0m] Started Regular background program processing daemon.
         Starting LSB: Record successful boot for GRUB...
         Starting LSB: MD monitoring daemon...
         Starting Login Service...
[[0;32m  OK  [0m] Started ACPI event daemon.
         Starting Apply the settings specified in cloud-config...
[[0;32m  OK  [0m] Started System Logging Service.
[[0;32m  OK  [0m] Started /etc/rc.local Compatibility.
         Starting Authenticate and Authorize Users to Run Privileged Tasks...
[[0;32m  OK  [0m] Started Login Service.
[[0;32m  OK  [0m] Started Login to default iSCSI targets.
[[0;32m  OK  [0m] Reached target Remote File Systems (Pre).
[[0;32m  OK  [0m] Reached target Remote File Systems.
         Starting LSB: automatic crash report generation...
         Starting LSB: daemon to balance interrupts for SMP systems...
         Starting Permit User Sessions...
         Starting LSB: VirtualBox Linux Additions...
         Starting LSB: Set the CPU Frequency Scaling governor to "ondemand"...
[[0;32m  OK  [0m] Started LSB: MD monitoring daemon.
[[0;32m  OK  [0m] Started LSB: Set the CPU Frequency Scaling governor to "ondemand".
[[0;32m  OK  [0m] Started Permit User Sessions.
[[0;32m  OK  [0m] Started Authenticate and Authorize Users to Run Privileged Tasks.
[[0;32m  OK  [0m] Started Accounts Service.
         Starting Terminate Plymouth Boot Screen...
         Starting Hold until boot process finishes up...
[[0;32m  OK  [0m] Started Terminate Plymouth Boot Screen.
[   29.475310] cloud-init[1108]: Generating locales (this might take a while)...
[[0;32m  OK  [0m] Started Hold until boot process finishes up.
[[0;32m  OK  [0m] Started Serial Getty on ttyS0.
         Starting Set console scheme...
[[0;32m  OK  [0m] Started Getty on tty1.
[[0;32m  OK  [0m] Reached target Login Prompts.
[[0;32m  OK  [0m] Started LSB: automatic crash report generation.
[[0;32m  OK  [0m] Started LSB: daemon to balance interrupts for SMP systems.
[[0;32m  OK  [0m] Started Set console scheme.
[[0;32m  OK  [0m] Started LXD - container startup/shutdown.
[[0;32m  OK  [0m] Started LSB: Record successful boot for GRUB.
[[0;32m  OK  [0m] Started LSB: VirtualBox Linux Additions.
[[0;32m  OK  [0m] Started Snappy daemon.
[   31.587623] cloud-init[1108]:   en_US.UTF-8... done
[   31.607442] cloud-init[1108]: Generation complete.
[[0;32m  OK  [0m] Started Pollinate to seed the pseudo random number generator.
         Starting OpenBSD Secure Shell server...
[[0;32m  OK  [0m] Started OpenBSD Secure Shell server.
[[0;32m  OK  [0m] Reached target Multi-User System.
[[0;32m  OK  [0m] Reached target Graphical Interface.
         Starting Update UTMP about System Runlevel Changes...
[[0;32m  OK  [0m] Started Update UTMP about System Runlevel Changes.
[[0;32m  OK  [0m] Created slice User Slice of vagrant.
         Starting User Manager for UID 1000...
[[0;32m  OK  [0m] Started Session 1 of user vagrant.
[   33.469353] cloud-init[1108]: Cloud-init v. 17.1 running 'modules:config' at Fri, 31 Aug 2018 19:02:01 +0000. Up 29.00 seconds.
[[0;32m  OK  [0m] Started User Manager for UID 1000.
[[0;32m  OK  [0m] Started Apply the settings specified in cloud-config.
         Starting Execute cloud user/final scripts...
ci-info: no authorized ssh keys fingerprints found for user ubuntu.
<14>Aug 31 19:02:06 ec2: 
<14>Aug 31 19:02:06 ec2: #############################################################
<14>Aug 31 19:02:06 ec2: -----BEGIN SSH HOST KEY FINGERPRINTS-----
<14>Aug 31 19:02:06 ec2: 1024 SHA256:rDx1rY5DWNOb7QVBzbJCwFry5AZQmFM6uV+sSd+sci8 root@ubuntu-xenial (DSA)
<14>Aug 31 19:02:06 ec2: 256 SHA256:LMDgmT2XC5s0+kkc0aPKK9YnzyBF0k1oJJeqc8AnOP4 root@ubuntu-xenial (ECDSA)
<14>Aug 31 19:02:06 ec2: 256 SHA256:CmKEx+/H5b1M9BwPen4ngrDDCG1aT5CVasrRBaHhxJM root@ubuntu-xenial (ED25519)
<14>Aug 31 19:02:06 ec2: 2048 SHA256:H/glcJKmU6gim5H0fR14lU7Yz/frdC7evXD8cKDlUko root@ubuntu-xenial (RSA)
<14>Aug 31 19:02:06 ec2: -----END SSH HOST KEY FINGERPRINTS-----
<14>Aug 31 19:02:06 ec2: #############################################################
-----BEGIN SSH HOST KEY KEYS-----
ecdsa-sha2-nistp256 AAAAE2VjZHNhLXNoYTItbmlzdHAyNTYAAAAIbmlzdHAyNTYAAABBBPvx3RZiFJC97yb21T/ZH/dA5eyJ+kxeMUFQG0BATmW46vgbp3HmosqDO/nHhzz5jO0kV8icMPe4TkYSLn0r3y8= root@ubuntu-xenial
ssh-ed25519 AAAAC3NzaC1lZDI1NTE5AAAAIKbxfHcnn5+0FbuGypZiyEz30JV26bc6QD3MZcAxi982 root@ubuntu-xenial
ssh-rsa AAAAB3NzaC1yc2EAAAADAQABAAABAQC1adFcgqWy/cAQynLi2Sm7HjTCwuG5hkBZi0FQNZI6XNemxsWZ8efRyez5/DS7WsJr1C84+3WwQ96iLJF1A/rZlssjKsTj75AQxr0rhD3X5/Fi0Mo5ITw3SLeP1okOJGzwbBzJAZWzEIcK+ERvvPCLvBobK4k7yqzPCdv+8Jvg0xWeeXgg+Z2oP1K5phTA2t6djKq4/Nbvw5vyldEM5t5LzVqqTUaTQtgJwu7IVMTfLXN4G6CUFQMHtz4X3REV0XuYaQw7yL/H31mRY0Gg4IgkTyYBmfPtV4dUGqmrnFMWRW8RIgxhveNQbBRx6//cO3ERZYJVBKFdZIxaW8b6pjsT root@ubuntu-xenial
-----END SSH HOST KEY KEYS-----
[   34.386609] cloud-init[1320]: Cloud-init v. 17.1 running 'modules:final' at Fri, 31 Aug 2018 19:02:06 +0000. Up 33.78 seconds.
[   34.401653] cloud-init[1320]: ci-info: no authorized ssh keys fingerprints found for user ubuntu.
[   34.403725] cloud-init[1320]: Cloud-init v. 17.1 finished at Fri, 31 Aug 2018 19:02:06 +0000. Datasource DataSourceNoCloud [seed=/dev/sdb][dsmode=net].  Up 34.37 seconds
[[0;32m  OK  [0m] Started Execute cloud user/final scripts.
[[0;32m  OK  [0m] Reached target Cloud-init target.

Ubuntu 16.04.3 LTS ubuntu-xenial ttyS0

ubuntu-xenial login: 